Archive member included to satisfy reference by file (symbol)

c:/intelfpga_lite/18.1/nios2eds/bin/gnu/h-x86_64-mingw32/bin/../lib/gcc/nios2-elf/5.3.0/mno-hw-mul\libgcc.a(lib2-divmod.o)
                              obj/default/servo_software.o (__divsi3)
c:/intelfpga_lite/18.1/nios2eds/bin/gnu/h-x86_64-mingw32/bin/../lib/gcc/nios2-elf/5.3.0/mno-hw-mul\libgcc.a(adddf3.o)
                              obj/default/servo_software.o (__adddf3)
c:/intelfpga_lite/18.1/nios2eds/bin/gnu/h-x86_64-mingw32/bin/../lib/gcc/nios2-elf/5.3.0/mno-hw-mul\libgcc.a(muldf3.o)
                              obj/default/servo_software.o (__muldf3)
c:/intelfpga_lite/18.1/nios2eds/bin/gnu/h-x86_64-mingw32/bin/../lib/gcc/nios2-elf/5.3.0/mno-hw-mul\libgcc.a(fixdfsi.o)
                              obj/default/servo_software.o (__fixdfsi)
c:/intelfpga_lite/18.1/nios2eds/bin/gnu/h-x86_64-mingw32/bin/../lib/gcc/nios2-elf/5.3.0/mno-hw-mul\libgcc.a(floatsidf.o)
                              obj/default/servo_software.o (__floatsidf)
c:/intelfpga_lite/18.1/nios2eds/bin/gnu/h-x86_64-mingw32/bin/../lib/gcc/nios2-elf/5.3.0/mno-hw-mul\libgcc.a(_clzsi2.o)
                              c:/intelfpga_lite/18.1/nios2eds/bin/gnu/h-x86_64-mingw32/bin/../lib/gcc/nios2-elf/5.3.0/mno-hw-mul\libgcc.a(adddf3.o) (__clzsi2)
c:/intelfpga_lite/18.1/nios2eds/bin/gnu/h-x86_64-mingw32/bin/../lib/gcc/nios2-elf/5.3.0/mno-hw-mul\libgcc.a(lib2-mul.o)
                              c:/intelfpga_lite/18.1/nios2eds/bin/gnu/h-x86_64-mingw32/bin/../lib/gcc/nios2-elf/5.3.0/mno-hw-mul\libgcc.a(muldf3.o) (__mulsi3)
c:/intelfpga_lite/18.1/nios2eds/bin/gnu/h-x86_64-mingw32/bin/../lib/gcc/nios2-elf/5.3.0/mno-hw-mul\libgcc.a(_clz.o)
                              c:/intelfpga_lite/18.1/nios2eds/bin/gnu/h-x86_64-mingw32/bin/../lib/gcc/nios2-elf/5.3.0/mno-hw-mul\libgcc.a(_clzsi2.o) (__clz_tab)
../nios_system_bsp/\libhal_bsp.a(alt_iic.o)
                              obj/default/servo_software.o (alt_ic_isr_register)
../nios_system_bsp/\libhal_bsp.a(alt_iic_isr_register.o)
                              ../nios_system_bsp/\libhal_bsp.a(alt_iic.o) (alt_iic_isr_register)
../nios_system_bsp/\libhal_bsp.a(alt_irq_entry.o)
                              ../nios_system_bsp/\libhal_bsp.a(alt_iic_isr_register.o) (alt_irq_entry)
../nios_system_bsp/\libhal_bsp.a(alt_irq_handler.o)
                              ../nios_system_bsp/\libhal_bsp.a(alt_iic_isr_register.o) (alt_irq)
../nios_system_bsp/\libhal_bsp.a(alt_irq_vars.o)
                              ../nios_system_bsp/\libhal_bsp.a(alt_iic.o) (alt_irq_active)
../nios_system_bsp/\libhal_bsp.a(alt_load.o)
                              ../nios_system_bsp//obj/HAL/src/crt0.o (alt_load)
../nios_system_bsp/\libhal_bsp.a(alt_main.o)
                              ../nios_system_bsp//obj/HAL/src/crt0.o (alt_main)
../nios_system_bsp/\libhal_bsp.a(alt_sys_init.o)
                              ../nios_system_bsp/\libhal_bsp.a(alt_main.o) (alt_irq_init)
../nios_system_bsp/\libhal_bsp.a(altera_avalon_jtag_uart_fd.o)
                              ../nios_system_bsp/\libhal_bsp.a(alt_sys_init.o) (altera_avalon_jtag_uart_read_fd)
../nios_system_bsp/\libhal_bsp.a(altera_avalon_jtag_uart_init.o)
                              ../nios_system_bsp/\libhal_bsp.a(alt_sys_init.o) (altera_avalon_jtag_uart_init)
../nios_system_bsp/\libhal_bsp.a(altera_avalon_jtag_uart_ioctl.o)
                              ../nios_system_bsp/\libhal_bsp.a(altera_avalon_jtag_uart_fd.o) (altera_avalon_jtag_uart_ioctl)
../nios_system_bsp/\libhal_bsp.a(altera_avalon_jtag_uart_read.o)
                              ../nios_system_bsp/\libhal_bsp.a(altera_avalon_jtag_uart_fd.o) (altera_avalon_jtag_uart_read)
../nios_system_bsp/\libhal_bsp.a(altera_avalon_jtag_uart_write.o)
                              ../nios_system_bsp/\libhal_bsp.a(altera_avalon_jtag_uart_fd.o) (altera_avalon_jtag_uart_write)
../nios_system_bsp/\libhal_bsp.a(alt_alarm_start.o)
                              ../nios_system_bsp/\libhal_bsp.a(altera_avalon_jtag_uart_init.o) (alt_alarm_start)
../nios_system_bsp/\libhal_bsp.a(alt_close.o)
                              ../nios_system_bsp/\libhal_bsp.a(alt_main.o) (close)
../nios_system_bsp/\libhal_bsp.a(alt_dcache_flush_all.o)
                              ../nios_system_bsp/\libhal_bsp.a(alt_load.o) (alt_dcache_flush_all)
../nios_system_bsp/\libhal_bsp.a(alt_dev.o)
                              ../nios_system_bsp/\libhal_bsp.a(alt_sys_init.o) (alt_dev_list)
../nios_system_bsp/\libhal_bsp.a(alt_dev_llist_insert.o)
                              ../nios_system_bsp/\libhal_bsp.a(alt_sys_init.o) (alt_dev_llist_insert)
../nios_system_bsp/\libhal_bsp.a(alt_do_ctors.o)
                              ../nios_system_bsp/\libhal_bsp.a(alt_main.o) (_do_ctors)
../nios_system_bsp/\libhal_bsp.a(alt_do_dtors.o)
                              ../nios_system_bsp/\libhal_bsp.a(alt_main.o) (_do_dtors)
../nios_system_bsp/\libhal_bsp.a(alt_errno.o)
[...]
Memory Configuration

Name             Origin             Length             Attributes
reset            0x0000000000008000 0x0000000000000020
onchip_memory2_0 0x0000000000008020 0x0000000000007fe0
*default*        0x0000000000000000 0xffffffffffffffff

Linker script and memory map

LOAD ../nios_system_bsp//obj/HAL/src/crt0.o
LOAD obj/default/servo_software.o
LOAD c:/intelfpga_lite/18.1/nios2eds/bin/gnu/h-x86_64-mingw32/bin/../lib/gcc/nios2-elf/5.3.0/../../../../../H-x86_64-mingw32/nios2-elf/lib/mno-hw-mul\libstdc++.a
LOAD c:/intelfpga_lite/18.1/nios2eds/bin/gnu/h-x86_64-mingw32/bin/../lib/gcc/nios2-elf/5.3.0/../../../../../H-x86_64-mingw32/nios2-elf/lib/mno-hw-mul\libm.a
LOAD c:/intelfpga_lite/18.1/nios2eds/bin/gnu/h-x86_64-mingw32/bin/../lib/gcc/nios2-elf/5.3.0/mno-hw-mul\libgcc.a
START GROUP
LOAD c:/intelfpga_lite/18.1/nios2eds/bin/gnu/h-x86_64-mingw32/bin/../lib/gcc/nios2-elf/5.3.0/../../../../../H-x86_64-mingw32/nios2-elf/lib/mno-hw-mul\libc.a
LOAD c:/intelfpga_lite/18.1/nios2eds/bin/gnu/h-x86_64-mingw32/bin/../lib/gcc/nios2-elf/5.3.0/mno-hw-mul\libgcc.a
LOAD ../nios_system_bsp/\libhal_bsp.a
LOAD c:/intelfpga_lite/18.1/nios2eds/bin/gnu/h-x86_64-mingw32/bin/../lib/gcc/nios2-elf/5.3.0/../../../../../H-x86_64-mingw32/nios2-elf/lib/mno-hw-mul\libm.a
END GROUP
LOAD c:/intelfpga_lite/18.1/nios2eds/bin/gnu/h-x86_64-mingw32/bin/../lib/gcc/nios2-elf/5.3.0/mno-hw-mul\libgcc.a
                0x0000000000008000                __alt_mem_onchip_memory2_0 = 0x8000

.entry          0x0000000000008000       0x20
 *(.entry)
 .entry         0x0000000000008000       0x20 ../nios_system_bsp//obj/HAL/src/crt0.o
                0x0000000000008000                __reset

.exceptions     0x0000000000008020      0x210
                0x0000000000008020                PROVIDE (__ram_exceptions_start, ABSOLUTE (.))
                0x0000000000008020                . = ALIGN (0x20)
 *(.irq)
 *(.exceptions.entry.label)
 .exceptions.entry.label
                0x0000000000008020        0x0 ../nios_system_bsp/\libhal_bsp.a(alt_irq_entry.o)
                0x0000000000008020                alt_irq_entry
 .exceptions.entry.label
                0x0000000000008020        0x0 ../nios_system_bsp/\libhal_bsp.a(alt_exception_entry.o)
                0x0000000000008020                alt_exception
 *(.exceptions.entry.user)
 *(.exceptions.entry.ecc_fatal)
 *(.exceptions.entry)
 .exceptions.entry
                0x0000000000008020       0x54 ../nios_system_bsp/\libhal_bsp.a(alt_exception_entry.o)
 *(.exceptions.irqtest.user)
 *(.exceptions.irqtest)
 .exceptions.irqtest
                0x0000000000008074       0x10 ../nios_system_bsp/\libhal_bsp.a(alt_irq_entry.o)
 *(.exceptions.irqhandler.user)
 *(.exceptions.irqhandler)
 .exceptions.irqhandler
                0x0000000000008084        0x4 ../nios_system_bsp/\libhal_bsp.a(alt_irq_entry.o)
 *(.exceptions.irqreturn.user)
 *(.exceptions.irqreturn)
 .exceptions.irqreturn
                0x0000000000008088        0x4 ../nios_system_bsp/\libhal_bsp.a(alt_irq_entry.o)
 *(.exceptions.notirq.label)
 .exceptions.notirq.label
                0x000000000000808c        0x0 ../nios_system_bsp/\libhal_bsp.a(alt_irq_entry.o)
 *(.exceptions.notirq.user)
 *(.exceptions.notirq)
 .exceptions.notirq
                0x000000000000808c        0x8 ../nios_system_bsp/\libhal_bsp.a(alt_exception_entry.o)
 *(.exceptions.soft.user)
 *(.exceptions.soft)
 *(.exceptions.unknown.user)
 *(.exceptions.unknown)
 .exceptions.unknown
                0x0000000000008094       0x14 ../nios_system_bsp/\libhal_bsp.a(alt_exception_entry.o)
 *(.exceptions.exit.label)
 .exceptions.exit.label
                0x00000000000080a8        0x0 ../nios_system_bsp/\libhal_bsp.a(alt_irq_entry.o)
 .exceptions.exit.label
                0x00000000000080a8        0x0 ../nios_system_bsp/\libhal_bsp.a(alt_exception_entry.o)
 *(.exceptions.exit.user)
 *(.exceptions.exit)
 .exceptions.exit
                0x00000000000080a8       0x54 ../nios_system_bsp/\libhal_bsp.a(alt_exception_entry.o)
 *(.exceptions)
 .exceptions    0x00000000000080fc       0xd4 ../nios_system_bsp/\libhal_bsp.a(alt_irq_handler.o)
                0x00000000000080fc                alt_irq_handler
 .exceptions    0x00000000000081d0       0x60 ../nios_system_bsp/\libhal_bsp.a(alt_instruction_exception_entry.o)
                0x00000000000081d0                alt_instruction_exception_entry
                0x0000000000008230                PROVIDE (__ram_exceptions_end, ABSOLUTE (.))
                0x0000000000008020                PROVIDE (__flash_exceptions_start, LOADADDR (.exceptions))

.text           0x0000000000008230     0x3ac0
                [!provide]                        PROVIDE (stext, ABSOLUTE (.))
 *(.interp)
 *(.hash)
 *(.dynsym)
 *(.dynstr)
 *(.gnu.version)
 *(.gnu.version_d)
 *(.gnu.version_r)
 *(.rel.init)
 *(.rela.init)
 *(.rel.text .rel.text.* .rel.gnu.linkonce.t.*)
 *(.rela.text .rela.text.* .rela.gnu.linkonce.t.*)
 *(.rel.fini)
 *(.rela.fini)
 *(.rel.rodata .rel.rodata.* .rel.gnu.linkonce.r.*)
 *(.rela.rodata .rela.rodata.* .rela.gnu.linkonce.r.*)
 *(.rel.data .rel.data.* .rel.gnu.linkonce.d.*)
 *(.rela.data .rela.data.* .rela.gnu.linkonce.d.*)
 *(.rel.tdata .rel.tdata.* .rel.gnu.linkonce.td.*)
 *(.rela.tdata .rela.tdata.* .rela.gnu.linkonce.td.*)
 *(.rel.tbss .rel.tbss.* .rel.gnu.linkonce.tb.*)
 *(.rela.tbss .rela.tbss.* .rela.gnu.linkonce.tb.*)
 *(.rel.ctors)
 *(.rela.ctors)
 *(.rel.dtors)
 *(.rela.dtors)
 *(.rel.got)
 *(.rela.got)
 *(.rel.sdata .rel.sdata.* .rel.gnu.linkonce.s.*)
 *(.rela.sdata .rela.sdata.* .rela.gnu.linkonce.s.*)
 *(.rel.sbss .rel.sbss.* .rel.gnu.linkonce.sb.*)
 *(.rela.sbss .rela.sbss.* .rela.gnu.linkonce.sb.*)
 *(.rel.sdata2 .rel.sdata2.* .rel.gnu.linkonce.s2.*)
 *(.rela.sdata2 .rela.sdata2.* .rela.gnu.linkonce.s2.*)
 *(.rel.sbss2 .rel.sbss2.* .rel.gnu.linkonce.sb2.*)
 *(.rela.sbss2 .rela.sbss2.* .rela.gnu.linkonce.sb2.*)
 *(.rel.bss .rel.bss.* .rel.gnu.linkonce.b.*)
 *(.rela.bss .rela.bss.* .rela.gnu.linkonce.b.*)
 *(.rel.plt)
 *(.rela.plt)
 *(.rel.dyn)
 *(.init)
 *(.plt)
 *(.text .stub .text.* .gnu.linkonce.t.*)
 .text          0x0000000000008230       0x3c ../nios_system_bsp//obj/HAL/src/crt0.o
                0x0000000000008230                _start
 .text          0x000000000000826c      0x3c0 obj/default/servo_software.o
                0x000000000000826c                convertAngle
                0x0000000000008314                getDigits
                0x00000000000083ac                keys_isr
                0x00000000000084a0                main
 .text          0x000000000000862c      0x1b4 c:/intelfpga_lite/18.1/nios2eds/bin/gnu/h-x86_64-mingw32/bin/../lib/gcc/nios2-elf/5.3.0/mno-hw-mul\libgcc.a(lib2-divmod.o)
                0x000000000000862c                __divsi3
                0x00000000000086b0                __modsi3
                0x0000000000008724                __udivsi3
                0x0000000000008788                __umodsi3
 .text          0x00000000000087e0      0x8ac c:/intelfpga_lite/18.1/nios2eds/bin/gnu/h-x86_64-mingw32/bin/../lib/gcc/nios2-elf/5.3.0/mno-hw-mul\libgcc.a(adddf3.o)
                0x00000000000087e0                __adddf3
 .text          0x000000000000908c      0x86c c:/intelfpga_lite/18.1/nios2eds/bin/gnu/h-x86_64-mingw32/bin/../lib/gcc/nios2-elf/5.3.0/mno-hw-mul\libgcc.a(muldf3.o)
                0x000000000000908c                __muldf3
 .text          0x00000000000098f8       0x80 c:/intelfpga_lite/18.1/nios2eds/bin/gnu/h-x86_64-mingw32/bin/../lib/gcc/nios2-elf/5.3.0/mno-hw-mul\libgcc.a(fixdfsi.o)
                0x00000000000098f8                __fixdfsi
 .text          0x0000000000009978       0xdc c:/intelfpga_lite/18.1/nios2eds/bin/gnu/h-x86_64-mingw32/bin/../lib/gcc/nios2-elf/5.3.0/mno-hw-mul\libgcc.a(floatsidf.o)
                0x0000000000009978                __floatsidf
 .text          0x0000000000009a54       0x64 c:/intelfpga_lite/18.1/nios2eds/bin/gnu/h-x86_64-mingw32/bin/../lib/gcc/nios2-elf/5.3.0/mno-hw-mul\libgcc.a(_clzsi2.o)
                0x0000000000009a54                __clzsi2
 .text          0x0000000000009ab8       0x28 c:/intelfpga_lite/18.1/nios2eds/bin/gnu/h-x86_64-mingw32/bin/../lib/gcc/nios2-elf/5.3.0/mno-hw-mul\libgcc.a(lib2-mul.o)
                0x0000000000009ab8                __mulsi3
 .text          0x0000000000009ae0        0x0 c:/intelfpga_lite/18.1/nios2eds/bin/gnu/h-x86_64-mingw32/bin/../lib/gcc/nios2-elf/5.3.0/mno-hw-mul\libgcc.a(_clz.o)
 .text          0x0000000000009ae0      0x1b0 ../nios_system_bsp/\libhal_bsp.a(alt_iic.o)
                0x0000000000009ae0                alt_ic_isr_register
                0x0000000000009b30                alt_ic_irq_enable
                0x0000000000009bb8                alt_ic_irq_disable
                0x0000000000009c44                alt_ic_irq_enabled
 .text          0x0000000000009c90       0xf0 ../nios_system_bsp/\libhal_bsp.a(alt_iic_isr_register.o)
                0x0000000000009c90                alt_iic_isr_register
 .text          0x0000000000009d80        0x0 ../nios_system_bsp/\libhal_bsp.a(alt_irq_entry.o)
 .text          0x0000000000009d80        0x0 ../nios_system_bsp/\libhal_bsp.a(alt_irq_handler.o)
 .text          0x0000000000009d80        0x0 ../nios_system_bsp/\libhal_bsp.a(alt_irq_vars.o)
 .text          0x0000000000009d80       0xec ../nios_system_bsp/\libhal_bsp.a(alt_load.o)
                0x0000000000009de8                alt_load
 .text          0x0000000000009e6c       0x7c ../nios_system_bsp/\libhal_bsp.a(alt_main.o)
                0x0000000000009e6c                alt_main
 .text          0x0000000000009ee8       0xb8 ../nios_system_bsp/\libhal_bsp.a(alt_sys_init.o)
                0x0000000000009f1c                alt_irq_init
                0x0000000000009f54                alt_sys_init
 .text          0x0000000000009fa0      0x164 ../nios_system_bsp/\libhal_bsp.a(altera_avalon_jtag_uart_fd.o)
                0x0000000000009fa0                altera_avalon_jtag_uart_read_fd
                0x000000000000a000                altera_avalon_jtag_uart_write_fd
                0x000000000000a060                altera_avalon_jtag_uart_close_fd
                0x000000000000a0b0                altera_avalon_jtag_uart_ioctl_fd
 .text          0x000000000000a104      0x3d4 ../nios_system_bsp/\libhal_bsp.a(altera_avalon_jtag_uart_init.o)
                0x000000000000a104                altera_avalon_jtag_uart_init
                0x000000000000a470                altera_avalon_jtag_uart_close
 .text          0x000000000000a4d8       0xf0 ../nios_system_bsp/\libhal_bsp.a(altera_avalon_jtag_uart_ioctl.o)
                0x000000000000a4d8                altera_avalon_jtag_uart_ioctl
 .text          0x000000000000a5c8      0x21c ../nios_system_bsp/\libhal_bsp.a(altera_avalon_jtag_uart_read.o)
                0x000000000000a5c8                altera_avalon_jtag_uart_read
 .text          0x000000000000a7e4      0x224 ../nios_system_bsp/\libhal_bsp.a(altera_avalon_jtag_uart_write.o)
                0x000000000000a7e4                altera_avalon_jtag_uart_write
 .text          0x000000000000aa08      0x12c ../nios_system_bsp/\libhal_bsp.a(alt_alarm_start.o)
                0x000000000000aa08                alt_alarm_start
 .text          0x000000000000ab34      0x114 ../nios_system_bsp/\libhal_bsp.a(alt_close.o)
                0x000000000000ab70                close
 .text          0x000000000000ac48       0x20 ../nios_system_bsp/\libhal_bsp.a(alt_dcache_flush_all.o)
                0x000000000000ac48                alt_dcache_flush_all
 .text          0x000000000000ac68       0x2c ../nios_system_bsp/\libhal_bsp.a(alt_dev.o)
 .text          0x000000000000ac94       0xe0 ../nios_system_bsp/\libhal_bsp.a(alt_dev_llist_insert.o)
                0x000000000000acd0                alt_dev_llist_insert
 .text          0x000000000000ad74       0x60 ../nios_system_bsp/\libhal_bsp.a(alt_do_ctors.o)
                0x000000000000ad74                _do_ctors
 .text          0x000000000000add4       0x60 ../nios_system_bsp/\libhal_bsp.a(alt_do_dtors.o)
                0x000000000000add4                _do_dtors
 .text          0x000000000000ae34        0x0 ../nios_system_bsp/\libhal_bsp.a(alt_errno.o)
 .text          0x000000000000ae34        0x0 ../nios_system_bsp/\libhal_bsp.a(alt_exception_entry.o)
 .text          0x000000000000ae34       0x20 ../nios_system_bsp/\libhal_bsp.a(alt_icache_flush_all.o)
                0x000000000000ae34                alt_icache_flush_all
 .text          0x000000000000ae54       0x9c ../nios_system_bsp/\libhal_bsp.a(alt_instruction_exception_entry.o)
                0x000000000000ae54                alt_exception_cause_generated_bad_addr
 .text          0x000000000000aef0      0x160 ../nios_system_bsp/\libhal_bsp.a(alt_io_redirect.o)
                0x000000000000afd4                alt_io_redirect
 .text          0x000000000000b050      0x284 ../nios_system_bsp/\libhal_bsp.a(alt_open.o)
                0x000000000000b178                open
 .text          0x000000000000b2d4       0x84 ../nios_system_bsp/\libhal_bsp.a(alt_release_fd.o)
                0x000000000000b2d4                alt_release_fd
 .text          0x000000000000b358      0x1a4 ../nios_system_bsp/\libhal_bsp.a(alt_tick.o)
                0x000000000000b358                alt_alarm_stop
                0x000000000000b3f4                alt_tick
 .text          0x000000000000b4fc       0x24 ../nios_system_bsp/\libhal_bsp.a(altera_nios2_gen2_irq.o)
                0x000000000000b4fc                altera_nios2_gen2_irq_init
 .text          0x000000000000b520       0x90 ../nios_system_bsp/\libhal_bsp.a(alt_find_dev.o)
                0x000000000000b520                alt_find_dev
 .text          0x000000000000b5b0      0x108 ../nios_system_bsp/\libhal_bsp.a(alt_find_file.o)
                0x000000000000b5b0                alt_find_file
 .text          0x000000000000b6b8       0xc4 ../nios_system_bsp/\libhal_bsp.a(alt_get_fd.o)
                0x000000000000b6b8                alt_get_fd
 .text          0x000000000000b77c        0x0 c:/intelfpga_lite/18.1/nios2eds/bin/gnu/h-x86_64-mingw32/bin/../lib/gcc/nios2-elf/5.3.0/../../../../../H-x86_64-mingw32/nios2-elf/lib/mno-hw-mul\libc.a(lib_a-atexit.o)
 .text.atexit   0x000000000000b77c       0x14 c:/intelfpga_lite/18.1/nios2eds/bin/gnu/h-x86_64-mingw32/bin/../lib/gcc/nios2-elf/5.3.0/../../../../../H-x86_64-mingw32/nios2-elf/lib/mno-hw-mul\libc.a(lib_a-atexit.o)
                0x000000000000b77c                atexit
 .text          0x000000000000b790        0x0 c:/intelfpga_lite/18.1/nios2eds/bin/gnu/h-x86_64-mingw32/bin/../lib/gcc/nios2-elf/5.3.0/../../../../../H-x86_64-mingw32/nios2-elf/lib/mno-hw-mul\libc.a(lib_a-exit.o)
 .text.exit     0x000000000000b790       0x38 c:/intelfpga_lite/18.1/nios2eds/bin/gnu/h-x86_64-mingw32/bin/../lib/gcc/nios2-elf/5.3.0/../../../../../H-x86_64-mingw32/nios2-elf/lib/mno-hw-mul\libc.a(lib_a-exit.o)
                0x000000000000b790                exit
 .text          0x000000000000b7c8        0x0 c:/intelfpga_lite/18.1/nios2eds/bin/gnu/h-x86_64-mingw32/bin/../lib/gcc/nios2-elf/5.3.0/../../../../../H-x86_64-mingw32/nios2-elf/lib/mno-hw-mul\libc.a(lib_a-impure.o)
 .text          0x000000000000b7c8        0x0 c:/intelfpga_lite/18.1/nios2eds/bin/gnu/h-x86_64-mingw32/bin/../lib/gcc/nios2-elf/5.3.0/../../../../../H-x86_64-mingw32/nios2-elf/lib/mno-hw-mul\libc.a(lib_a-int_errno.o)
 .text          0x000000000000b7c8        0x0 c:/intelfpga_lite/18.1/nios2eds/bin/gnu/h-x86_64-mingw32/bin/../lib/gcc/nios2-elf/5.3.0/../../../../../H-x86_64-mingw32/nios2-elf/lib/mno-hw-mul\libc.a(lib_a-memcmp.o)
 .text.memcmp   0x000000000000b7c8       0x7c c:/intelfpga_lite/18.1/nios2eds/bin/gnu/h-x86_64-mingw32/bin/../lib/gcc/nios2-elf/5.3.0/../../../../../H-x86_64-mingw32/nios2-elf/lib/mno-hw-mul\libc.a(lib_a-memcmp.o)
                0x000000000000b7c8                memcmp
 .text          0x000000000000b844        0x0 c:/intelfpga_lite/18.1/nios2eds/bin/gnu/h-x86_64-mingw32/bin/../lib/gcc/nios2-elf/5.3.0/../../../../../H-x86_64-mingw32/nios2-elf/lib/mno-hw-mul\libc.a(lib_a-memcpy.o)
 .text.memcpy   0x000000000000b844      0x148 c:/intelfpga_lite/18.1/nios2eds/bin/gnu/h-x86_64-mingw32/bin/../lib/gcc/nios2-elf/5.3.0/../../../../../H-x86_64-mingw32/nios2-elf/lib/mno-hw-mul\libc.a(lib_a-memcpy.o)
                0x000000000000b844                memcpy
 .text          0x000000000000b98c        0x0 c:/intelfpga_lite/18.1/nios2eds/bin/gnu/h-x86_64-mingw32/bin/../lib/gcc/nios2-elf/5.3.0/../../../../../H-x86_64-mingw32/nios2-elf/lib/mno-hw-mul\libc.a(lib_a-strlen.o)
 .text.strlen   0x000000000000b98c       0x98 c:/intelfpga_lite/18.1/nios2eds/bin/gnu/h-x86_64-mingw32/bin/../lib/gcc/nios2-elf/5.3.0/../../../../../H-x86_64-mingw32/nios2-elf/lib/mno-hw-mul\libc.a(lib_a-strlen.o)
                0x000000000000b98c                strlen
 .text          0x000000000000ba24        0x0 c:/intelfpga_lite/18.1/nios2eds/bin/gnu/h-x86_64-mingw32/bin/../lib/gcc/nios2-elf/5.3.0/../../../../../H-x86_64-mingw32/nios2-elf/lib/mno-hw-mul\libc.a(lib_a-__atexit.o)
 .text.__register_exitproc
                0x000000000000ba24      0x118 c:/intelfpga_lite/18.1/nios2eds/bin/gnu/h-x86_64-mingw32/bin/../lib/gcc/nios2-elf/5.3.0/../../../../../H-x86_64-mingw32/nios2-elf/lib/mno-hw-mul\libc.a(lib_a-__atexit.o)
                0x000000000000ba24                __register_exitproc
 .text          0x000000000000bb3c        0x0 c:/intelfpga_lite/18.1/nios2eds/bin/gnu/h-x86_64-mingw32/bin/../lib/gcc/nios2-elf/5.3.0/../../../../../H-x86_64-mingw32/nios2-elf/lib/mno-hw-mul\libc.a(lib_a-__call_atexit.o)
 .text.__call_exitprocs
                0x000000000000bb3c      0x180 c:/intelfpga_lite/18.1/nios2eds/bin/gnu/h-x86_64-mingw32/bin/../lib/gcc/nios2-elf/5.3.0/../../../../../H-x86_64-mingw32/nios2-elf/lib/mno-hw-mul\libc.a(lib_a-__call_atexit.o)
                0x000000000000bb3c                __call_exitprocs
 .text          0x000000000000bcbc       0x34 ../nios_system_bsp/\libhal_bsp.a(alt_exit.o)
                0x000000000000bcbc                _exit
 *(.gnu.warning.*)
 *(.fini)
                [!provide]                        PROVIDE (__etext, ABSOLUTE (.))
                [!provide]                        PROVIDE (_etext, ABSOLUTE (.))
                [!provide]                        PROVIDE (etext, ABSOLUTE (.))
 *(.eh_frame_hdr)
                0x000000000000bcf0                . = ALIGN (0x4)
                [!provide]                        PROVIDE (__preinit_array_start, ABSOLUTE (.))
 *(.preinit_array)
                [!provide]                        PROVIDE (__preinit_array_end, ABSOLUTE (.))
                [!provide]                        PROVIDE (__init_array_start, ABSOLUTE (.))
 *(.init_array)
                [!provide]                        PROVIDE (__init_array_end, ABSOLUTE (.))
                [!provide]                        PROVIDE (__fini_array_start, ABSOLUTE (.))
 *(.fini_array)
                [!provide]                        PROVIDE (__fini_array_end, ABSOLUTE (.))
 *(.eh_frame)
 *(.gcc_except_table .gcc_except_table.*)
 *(.dynamic)
                0x000000000000bcf0                PROVIDE (__CTOR_LIST__, ABSOLUTE (.))
 *(.ctors)
 *(SORT(.ctors.*))
                0x000000000000bcf0                PROVIDE (__CTOR_END__, ABSOLUTE (.))
                0x000000000000bcf0                PROVIDE (__DTOR_LIST__, ABSOLUTE (.))
 *(.dtors)
 *(SORT(.dtors.*))
                0x000000000000bcf0                PROVIDE (__DTOR_END__, ABSOLUTE (.))
 *(.jcr)
                0x000000000000bcf0                . = ALIGN (0x4)

.rodata         0x000000000000bcf0      0x144
                0x000000000000bcf0                PROVIDE (__ram_rodata_start, ABSOLUTE (.))
                0x000000000000bcf0                . = ALIGN (0x4)
 *(.rodata .rodata.* .gnu.linkonce.r.*)
 .rodata        0x000000000000bcf0        0xa obj/default/servo_software.o
                0x000000000000bcf0                hex_const
 .rodata        0x000000000000bcfa      0x100 c:/intelfpga_lite/18.1/nios2eds/bin/gnu/h-x86_64-mingw32/bin/../lib/gcc/nios2-elf/5.3.0/mno-hw-mul\libgcc.a(_clz.o)
                0x000000000000bcfa                __clz_tab
 *fill*         0x000000000000bdfa        0x2 
 .rodata        0x000000000000bdfc       0x11 ../nios_system_bsp/\libhal_bsp.a(alt_main.o)
 *fill*         0x000000000000be0d        0x3 
 .rodata        0x000000000000be10       0x11 ../nios_system_bsp/\libhal_bsp.a(alt_sys_init.o)
 *fill*         0x000000000000be21        0x3 
 .rodata        0x000000000000be24        0xa ../nios_system_bsp/\libhal_bsp.a(alt_dev.o)
 *fill*         0x000000000000be2e        0x2 
 .rodata.str1.4
                0x000000000000be30        0x4 c:/intelfpga_lite/18.1/nios2eds/bin/gnu/h-x86_64-mingw32/bin/../lib/gcc/nios2-elf/5.3.0/../../../../../H-x86_64-mingw32/nios2-elf/lib/mno-hw-mul\libc.a(lib_a-impure.o)
                                          0x2 (size before relaxing)
 *(.rodata1)
                0x000000000000be34                . = ALIGN (0x4)
                0x000000000000be34                PROVIDE (__ram_rodata_end, ABSOLUTE (.))
                0x000000000000bcf0                PROVIDE (__flash_rodata_start, LOADADDR (.rodata))

.rwdata         0x000000000000be34     0x1684 load address 0x000000000000d4b8
                0x000000000000be34                PROVIDE (__ram_rwdata_start, ABSOLUTE (.))
                0x000000000000be34                . = ALIGN (0x4)
 *(.got.plt)
 *(.got)
 *(.data1)
 *(.data .data.* .gnu.linkonce.d.*)
 .data          0x000000000000be34        0x0 ../nios_system_bsp//obj/HAL/src/crt0.o
 .data          0x000000000000be34       0x18 obj/default/servo_software.o
                0x000000000000be34                HEX_ptr
 .data          0x000000000000be4c        0x0 c:/intelfpga_lite/18.1/nios2eds/bin/gnu/h-x86_64-mingw32/bin/../lib/gcc/nios2-elf/5.3.0/mno-hw-mul\libgcc.a(lib2-divmod.o)
 .data          0x000000000000be4c        0x0 c:/intelfpga_lite/18.1/nios2eds/bin/gnu/h-x86_64-mingw32/bin/../lib/gcc/nios2-elf/5.3.0/mno-hw-mul\libgcc.a(adddf3.o)
 .data          0x000000000000be4c        0x0 c:/intelfpga_lite/18.1/nios2eds/bin/gnu/h-x86_64-mingw32/bin/../lib/gcc/nios2-elf/5.3.0/mno-hw-mul\libgcc.a(muldf3.o)
 .data          0x000000000000be4c        0x0 c:/intelfpga_lite/18.1/nios2eds/bin/gnu/h-x86_64-mingw32/bin/../lib/gcc/nios2-elf/5.3.0/mno-hw-mul\libgcc.a(fixdfsi.o)
 .data          0x000000000000be4c        0x0 c:/intelfpga_lite/18.1/nios2eds/bin/gnu/h-x86_64-mingw32/bin/../lib/gcc/nios2-elf/5.3.0/mno-hw-mul\libgcc.a(floatsidf.o)
 .data          0x000000000000be4c        0x0 c:/intelfpga_lite/18.1/nios2eds/bin/gnu/h-x86_64-mingw32/bin/../lib/gcc/nios2-elf/5.3.0/mno-hw-mul\libgcc.a(_clzsi2.o)
 .data          0x000000000000be4c        0x0 c:/intelfpga_lite/18.1/nios2eds/bin/gnu/h-x86_64-mingw32/bin/../lib/gcc/nios2-elf/5.3.0/mno-hw-mul\libgcc.a(lib2-mul.o)
 .data          0x000000000000be4c        0x0 c:/intelfpga_lite/18.1/nios2eds/bin/gnu/h-x86_64-mingw32/bin/../lib/gcc/nios2-elf/5.3.0/mno-hw-mul\libgcc.a(_clz.o)
 .data          0x000000000000be4c        0x0 ../nios_system_bsp/\libhal_bsp.a(alt_iic.o)
 .data          0x000000000000be4c        0x0 ../nios_system_bsp/\libhal_bsp.a(alt_iic_isr_register.o)
 .data          0x000000000000be4c        0x0 ../nios_system_bsp/\libhal_bsp.a(alt_irq_entry.o)
 .data          0x000000000000be4c        0x0 ../nios_system_bsp/\libhal_bsp.a(alt_irq_handler.o)
 .data          0x000000000000be4c        0x0 ../nios_system_bsp/\libhal_bsp.a(alt_irq_vars.o)
 .data          0x000000000000be4c        0x0 ../nios_system_bsp/\libhal_bsp.a(alt_load.o)
 .data          0x000000000000be4c        0x0 ../nios_system_bsp/\libhal_bsp.a(alt_main.o)
 .data          0x000000000000be4c     0x1060 ../nios_system_bsp/\libhal_bsp.a(alt_sys_init.o)
 .data          0x000000000000ceac        0x0 ../nios_system_bsp/\libhal_bsp.a(altera_avalon_jtag_uart_fd.o)
 .data          0x000000000000ceac        0x0 ../nios_system_bsp/\libhal_bsp.a(altera_avalon_jtag_uart_init.o)
 .data          0x000000000000ceac        0x0 ../nios_system_bsp/\libhal_bsp.a(altera_avalon_jtag_uart_ioctl.o)
 .data          0x000000000000ceac        0x0 ../nios_system_bsp/\libhal_bsp.a(altera_avalon_jtag_uart_read.o)
 .data          0x000000000000ceac        0x0 ../nios_system_bsp/\libhal_bsp.a(altera_avalon_jtag_uart_write.o)
 .data          0x000000000000ceac        0x0 ../nios_system_bsp/\libhal_bsp.a(alt_alarm_start.o)
 .data          0x000000000000ceac        0x0 ../nios_system_bsp/\libhal_bsp.a(alt_close.o)
 .data          0x000000000000ceac        0x0 ../nios_system_bsp/\libhal_bsp.a(alt_dcache_flush_all.o)
 .data          0x000000000000ceac      0x1a8 ../nios_system_bsp/\libhal_bsp.a(alt_dev.o)
                0x000000000000ceac                alt_dev_null
                0x000000000000ced4                alt_fd_list
 .data          0x000000000000d054        0x0 ../nios_system_bsp/\libhal_bsp.a(alt_dev_llist_insert.o)
 .data          0x000000000000d054        0x0 ../nios_system_bsp/\libhal_bsp.a(alt_do_ctors.o)
 .data          0x000000000000d054        0x0 ../nios_system_bsp/\libhal_bsp.a(alt_do_dtors.o)
 .data          0x000000000000d054        0x0 ../nios_system_bsp/\libhal_bsp.a(alt_errno.o)
 .data          0x000000000000d054        0x0 ../nios_system_bsp/\libhal_bsp.a(alt_exception_entry.o)
 .data          0x000000000000d054        0x0 ../nios_system_bsp/\libhal_bsp.a(alt_icache_flush_all.o)
 .data          0x000000000000d054        0x0 ../nios_system_bsp/\libhal_bsp.a(alt_instruction_exception_entry.o)
 .data          0x000000000000d054        0x0 ../nios_system_bsp/\libhal_bsp.a(alt_io_redirect.o)
 .data          0x000000000000d054        0x0 ../nios_system_bsp/\libhal_bsp.a(alt_open.o)
 .data          0x000000000000d054        0x0 ../nios_system_bsp/\libhal_bsp.a(alt_release_fd.o)
 .data          0x000000000000d054        0x0 ../nios_system_bsp/\libhal_bsp.a(alt_tick.o)
 .data          0x000000000000d054        0x0 ../nios_system_bsp/\libhal_bsp.a(altera_nios2_gen2_irq.o)
 .data          0x000000000000d054        0x0 ../nios_system_bsp/\libhal_bsp.a(alt_find_dev.o)
 .data          0x000000000000d054        0x0 ../nios_system_bsp/\libhal_bsp.a(alt_find_file.o)
 .data          0x000000000000d054        0x0 ../nios_system_bsp/\libhal_bsp.a(alt_get_fd.o)
 .data          0x000000000000d054        0x0 c:/intelfpga_lite/18.1/nios2eds/bin/gnu/h-x86_64-mingw32/bin/../lib/gcc/nios2-elf/5.3.0/../../../../../H-x86_64-mingw32/nios2-elf/lib/mno-hw-mul\libc.a(lib_a-atexit.o)
 .data          0x000000000000d054        0x0 c:/intelfpga_lite/18.1/nios2eds/bin/gnu/h-x86_64-mingw32/bin/../lib/gcc/nios2-elf/5.3.0/../../../../../H-x86_64-mingw32/nios2-elf/lib/mno-hw-mul\libc.a(lib_a-exit.o)
 .data          0x000000000000d054        0x0 c:/intelfpga_lite/18.1/nios2eds/bin/gnu/h-x86_64-mingw32/bin/../lib/gcc/nios2-elf/5.3.0/../../../../../H-x86_64-mingw32/nios2-elf/lib/mno-hw-mul\libc.a(lib_a-impure.o)
 .data.impure_data
                0x000000000000d054      0x424 c:/intelfpga_lite/18.1/nios2eds/bin/gnu/h-x86_64-mingw32/bin/../lib/gcc/nios2-elf/5.3.0/../../../../../H-x86_64-mingw32/nios2-elf/lib/mno-hw-mul\libc.a(lib_a-impure.o)
 .data          0x000000000000d478        0x0 c:/intelfpga_lite/18.1/nios2eds/bin/gnu/h-x86_64-mingw32/bin/../lib/gcc/nios2-elf/5.3.0/../../../../../H-x86_64-mingw32/nios2-elf/lib/mno-hw-mul\libc.a(lib_a-int_errno.o)
 .data          0x000000000000d478        0x0 c:/intelfpga_lite/18.1/nios2eds/bin/gnu/h-x86_64-mingw32/bin/../lib/gcc/nios2-elf/5.3.0/../../../../../H-x86_64-mingw32/nios2-elf/lib/mno-hw-mul\libc.a(lib_a-memcmp.o)
 .data          0x000000000000d478        0x0 c:/intelfpga_lite/18.1/nios2eds/bin/gnu/h-x86_64-mingw32/bin/../lib/gcc/nios2-elf/5.3.0/../../../../../H-x86_64-mingw32/nios2-elf/lib/mno-hw-mul\libc.a(lib_a-memcpy.o)
 .data          0x000000000000d478        0x0 c:/intelfpga_lite/18.1/nios2eds/bin/gnu/h-x86_64-mingw32/bin/../lib/gcc/nios2-elf/5.3.0/../../../../../H-x86_64-mingw32/nios2-elf/lib/mno-hw-mul\libc.a(lib_a-strlen.o)
 .data          0x000000000000d478        0x0 c:/intelfpga_lite/18.1/nios2eds/bin/gnu/h-x86_64-mingw32/bin/../lib/gcc/nios2-elf/5.3.0/../../../../../H-x86_64-mingw32/nios2-elf/lib/mno-hw-mul\libc.a(lib_a-__atexit.o)
 .data          0x000000000000d478        0x0 c:/intelfpga_lite/18.1/nios2eds/bin/gnu/h-x86_64-mingw32/bin/../lib/gcc/nios2-elf/5.3.0/../../../../../H-x86_64-mingw32/nios2-elf/lib/mno-hw-mul\libc.a(lib_a-__call_atexit.o)
 .data          0x000000000000d478        0x0 ../nios_system_bsp/\libhal_bsp.a(alt_exit.o)
                0x0000000000015478                _gp = ABSOLUTE ((. + 0x8000))
                [!provide]                        PROVIDE (gp, _gp)
 *(.rwdata .rwdata.*)
 *(.sdata .sdata.* .gnu.linkonce.s.*)
 .sdata         0x000000000000d478       0x14 obj/default/servo_software.o
                0x000000000000d478                controller_ptr
                0x000000000000d47c                SW_ptr
                0x000000000000d480                KEYS_ptr
                0x000000000000d484                minAngle
                0x000000000000d488                maxAngle
 .sdata         0x000000000000d48c        0x4 ../nios_system_bsp/\libhal_bsp.a(alt_irq_vars.o)
                0x000000000000d48c                alt_priority_mask
 .sdata         0x000000000000d490       0x14 ../nios_system_bsp/\libhal_bsp.a(alt_dev.o)
                0x000000000000d490                alt_fs_list
                0x000000000000d498                alt_dev_list
                0x000000000000d4a0                alt_max_fd
 .sdata         0x000000000000d4a4        0x4 ../nios_system_bsp/\libhal_bsp.a(alt_errno.o)
                0x000000000000d4a4                alt_errno
 .sdata         0x000000000000d4a8        0x8 ../nios_system_bsp/\libhal_bsp.a(alt_tick.o)
                0x000000000000d4a8                alt_alarm_list
 .sdata._global_impure_ptr
                0x000000000000d4b0        0x4 c:/intelfpga_lite/18.1/nios2eds/bin/gnu/h-x86_64-mingw32/bin/../lib/gcc/nios2-elf/5.3.0/../../../../../H-x86_64-mingw32/nios2-elf/lib/mno-hw-mul\libc.a(lib_a-impure.o)
                0x000000000000d4b0                _global_impure_ptr
 .sdata._impure_ptr
                0x000000000000d4b4        0x4 c:/intelfpga_lite/18.1/nios2eds/bin/gnu/h-x86_64-mingw32/bin/../lib/gcc/nios2-elf/5.3.0/../../../../../H-x86_64-mingw32/nios2-elf/lib/mno-hw-mul\libc.a(lib_a-impure.o)
                0x000000000000d4b4                _impure_ptr
 *(.sdata2 .sdata2.* .gnu.linkonce.s2.*)
                0x000000000000d4b8                . = ALIGN (0x4)
                0x000000000000d4b8                _edata = ABSOLUTE (.)
                [!provide]                        PROVIDE (edata, ABSOLUTE (.))
                0x000000000000d4b8                PROVIDE (__ram_rwdata_end, ABSOLUTE (.))
                0x000000000000d4b8                PROVIDE (__flash_rwdata_start, LOADADDR (.rwdata))

.bss            0x000000000000eb3c      0x120
                0x000000000000eb3c                __bss_start = ABSOLUTE (.)
                [!provide]                        PROVIDE (__sbss_start, ABSOLUTE (.))
                [!provide]                        PROVIDE (___sbss_start, ABSOLUTE (.))
 *(.dynsbss)
 *(.sbss .sbss.* .gnu.linkonce.sb.*)
 .sbss          0x000000000000eb3c        0x4 ../nios_system_bsp/\libhal_bsp.a(alt_irq_vars.o)
                0x000000000000eb3c                alt_irq_active
 .sbss          0x000000000000eb40        0xc ../nios_system_bsp/\libhal_bsp.a(alt_main.o)
                0x000000000000eb40                alt_argc
                0x000000000000eb44                alt_argv
                0x000000000000eb48                alt_envp
 .sbss          0x000000000000eb4c        0x4 ../nios_system_bsp/\libhal_bsp.a(alt_instruction_exception_entry.o)
                0x000000000000eb4c                alt_instruction_exception_handler
 .sbss          0x000000000000eb50        0x8 ../nios_system_bsp/\libhal_bsp.a(alt_tick.o)
                0x000000000000eb50                _alt_tick_rate
                0x000000000000eb54                _alt_nticks
 .sbss          0x000000000000eb58        0x4 c:/intelfpga_lite/18.1/nios2eds/bin/gnu/h-x86_64-mingw32/bin/../lib/gcc/nios2-elf/5.3.0/../../../../../H-x86_64-mingw32/nios2-elf/lib/mno-hw-mul\libc.a(lib_a-int_errno.o)
                0x000000000000eb58                errno
 *(.sbss2 .sbss2.* .gnu.linkonce.sb2.*)
 *(.scommon)
                [!provide]                        PROVIDE (__sbss_end, ABSOLUTE (.))
                [!provide]                        PROVIDE (___sbss_end, ABSOLUTE (.))
 *(.dynbss)
 *(.bss .bss.* .gnu.linkonce.b.*)
 .bss           0x000000000000eb5c        0x0 ../nios_system_bsp//obj/HAL/src/crt0.o
 .bss           0x000000000000eb5c        0x0 obj/default/servo_software.o
 .bss           0x000000000000eb5c        0x0 c:/intelfpga_lite/18.1/nios2eds/bin/gnu/h-x86_64-mingw32/bin/../lib/gcc/nios2-elf/5.3.0/mno-hw-mul\libgcc.a(lib2-divmod.o)
 .bss           0x000000000000eb5c        0x0 c:/intelfpga_lite/18.1/nios2eds/bin/gnu/h-x86_64-mingw32/bin/../lib/gcc/nios2-elf/5.3.0/mno-hw-mul\libgcc.a(adddf3.o)
 .bss           0x000000000000eb5c        0x0 c:/intelfpga_lite/18.1/nios2eds/bin/gnu/h-x86_64-mingw32/bin/../lib/gcc/nios2-elf/5.3.0/mno-hw-mul\libgcc.a(muldf3.o)
 .bss           0x000000000000eb5c        0x0 c:/intelfpga_lite/18.1/nios2eds/bin/gnu/h-x86_64-mingw32/bin/../lib/gcc/nios2-elf/5.3.0/mno-hw-mul\libgcc.a(fixdfsi.o)
 .bss           0x000000000000eb5c        0x0 c:/intelfpga_lite/18.1/nios2eds/bin/gnu/h-x86_64-mingw32/bin/../lib/gcc/nios2-elf/5.3.0/mno-hw-mul\libgcc.a(floatsidf.o)
 .bss           0x000000000000eb5c        0x0 c:/intelfpga_lite/18.1/nios2eds/bin/gnu/h-x86_64-mingw32/bin/../lib/gcc/nios2-elf/5.3.0/mno-hw-mul\libgcc.a(_clzsi2.o)
 .bss           0x000000000000eb5c        0x0 c:/intelfpga_lite/18.1/nios2eds/bin/gnu/h-x86_64-mingw32/bin/../lib/gcc/nios2-elf/5.3.0/mno-hw-mul\libgcc.a(lib2-mul.o)
 .bss           0x000000000000eb5c        0x0 c:/intelfpga_lite/18.1/nios2eds/bin/gnu/h-x86_64-mingw32/bin/../lib/gcc/nios2-elf/5.3.0/mno-hw-mul\libgcc.a(_clz.o)
 .bss           0x000000000000eb5c        0x0 ../nios_system_bsp/\libhal_bsp.a(alt_iic.o)
 .bss           0x000000000000eb5c        0x0 ../nios_system_bsp/\libhal_bsp.a(alt_iic_isr_register.o)
 .bss           0x000000000000eb5c        0x0 ../nios_system_bsp/\libhal_bsp.a(alt_irq_entry.o)
 .bss           0x000000000000eb5c        0x0 ../nios_system_bsp/\libhal_bsp.a(alt_irq_handler.o)
 .bss           0x000000000000eb5c        0x0 ../nios_system_bsp/\libhal_bsp.a(alt_irq_vars.o)
 .bss           0x000000000000eb5c        0x0 ../nios_system_bsp/\libhal_bsp.a(alt_load.o)
 .bss           0x000000000000eb5c        0x0 ../nios_system_bsp/\libhal_bsp.a(alt_main.o)
 .bss           0x000000000000eb5c        0x0 ../nios_system_bsp/\libhal_bsp.a(alt_sys_init.o)
 .bss           0x000000000000eb5c        0x0 ../nios_system_bsp/\libhal_bsp.a(altera_avalon_jtag_uart_fd.o)
 .bss           0x000000000000eb5c        0x0 ../nios_system_bsp/\libhal_bsp.a(altera_avalon_jtag_uart_init.o)
 .bss           0x000000000000eb5c        0x0 ../nios_system_bsp/\libhal_bsp.a(altera_avalon_jtag_uart_ioctl.o)
 .bss           0x000000000000eb5c        0x0 ../nios_system_bsp/\libhal_bsp.a(altera_avalon_jtag_uart_read.o)
 .bss           0x000000000000eb5c        0x0 ../nios_system_bsp/\libhal_bsp.a(altera_avalon_jtag_uart_write.o)
 .bss           0x000000000000eb5c        0x0 ../nios_system_bsp/\libhal_bsp.a(alt_alarm_start.o)
 .bss           0x000000000000eb5c        0x0 ../nios_system_bsp/\libhal_bsp.a(alt_close.o)
 .bss           0x000000000000eb5c        0x0 ../nios_system_bsp/\libhal_bsp.a(alt_dcache_flush_all.o)
 .bss           0x000000000000eb5c        0x0 ../nios_system_bsp/\libhal_bsp.a(alt_dev.o)
 .bss           0x000000000000eb5c        0x0 ../nios_system_bsp/\libhal_bsp.a(alt_dev_llist_insert.o)
 .bss           0x000000000000eb5c        0x0 ../nios_system_bsp/\libhal_bsp.a(alt_do_ctors.o)
 .bss           0x000000000000eb5c        0x0 ../nios_system_bsp/\libhal_bsp.a(alt_do_dtors.o)
 .bss           0x000000000000eb5c        0x0 ../nios_system_bsp/\libhal_bsp.a(alt_errno.o)
 .bss           0x000000000000eb5c        0x0 ../nios_system_bsp/\libhal_bsp.a(alt_exception_entry.o)
 .bss           0x000000000000eb5c        0x0 ../nios_system_bsp/\libhal_bsp.a(alt_icache_flush_all.o)
 .bss           0x000000000000eb5c        0x0 ../nios_system_bsp/\libhal_bsp.a(alt_instruction_exception_entry.o)
 .bss           0x000000000000eb5c        0x0 ../nios_system_bsp/\libhal_bsp.a(alt_io_redirect.o)
 .bss           0x000000000000eb5c        0x0 ../nios_system_bsp/\libhal_bsp.a(alt_open.o)
 .bss           0x000000000000eb5c        0x0 ../nios_system_bsp/\libhal_bsp.a(alt_release_fd.o)
 .bss           0x000000000000eb5c        0x0 ../nios_system_bsp/\libhal_bsp.a(alt_tick.o)
 .bss           0x000000000000eb5c        0x0 ../nios_system_bsp/\libhal_bsp.a(altera_nios2_gen2_irq.o)
 .bss           0x000000000000eb5c        0x0 ../nios_system_bsp/\libhal_bsp.a(alt_find_dev.o)
 .bss           0x000000000000eb5c        0x0 ../nios_system_bsp/\libhal_bsp.a(alt_find_file.o)
 .bss           0x000000000000eb5c        0x0 ../nios_system_bsp/\libhal_bsp.a(alt_get_fd.o)
 .bss           0x000000000000eb5c        0x0 c:/intelfpga_lite/18.1/nios2eds/bin/gnu/h-x86_64-mingw32/bin/../lib/gcc/nios2-elf/5.3.0/../../../../../H-x86_64-mingw32/nios2-elf/lib/mno-hw-mul\libc.a(lib_a-atexit.o)
 .bss           0x000000000000eb5c        0x0 c:/intelfpga_lite/18.1/nios2eds/bin/gnu/h-x86_64-mingw32/bin/../lib/gcc/nios2-elf/5.3.0/../../../../../H-x86_64-mingw32/nios2-elf/lib/mno-hw-mul\libc.a(lib_a-exit.o)
 .bss           0x000000000000eb5c        0x0 c:/intelfpga_lite/18.1/nios2eds/bin/gnu/h-x86_64-mingw32/bin/../lib/gcc/nios2-elf/5.3.0/../../../../../H-x86_64-mingw32/nios2-elf/lib/mno-hw-mul\libc.a(lib_a-impure.o)
 .bss           0x000000000000eb5c        0x0 c:/intelfpga_lite/18.1/nios2eds/bin/gnu/h-x86_64-mingw32/bin/../lib/gcc/nios2-elf/5.3.0/../../../../../H-x86_64-mingw32/nios2-elf/lib/mno-hw-mul\libc.a(lib_a-int_errno.o)
 .bss           0x000000000000eb5c        0x0 c:/intelfpga_lite/18.1/nios2eds/bin/gnu/h-x86_64-mingw32/bin/../lib/gcc/nios2-elf/5.3.0/../../../../../H-x86_64-mingw32/nios2-elf/lib/mno-hw-mul\libc.a(lib_a-memcmp.o)
 .bss           0x000000000000eb5c        0x0 c:/intelfpga_lite/18.1/nios2eds/bin/gnu/h-x86_64-mingw32/bin/../lib/gcc/nios2-elf/5.3.0/../../../../../H-x86_64-mingw32/nios2-elf/lib/mno-hw-mul\libc.a(lib_a-memcpy.o)
 .bss           0x000000000000eb5c        0x0 c:/intelfpga_lite/18.1/nios2eds/bin/gnu/h-x86_64-mingw32/bin/../lib/gcc/nios2-elf/5.3.0/../../../../../H-x86_64-mingw32/nios2-elf/lib/mno-hw-mul\libc.a(lib_a-strlen.o)
 .bss           0x000000000000eb5c        0x0 c:/intelfpga_lite/18.1/nios2eds/bin/gnu/h-x86_64-mingw32/bin/../lib/gcc/nios2-elf/5.3.0/../../../../../H-x86_64-mingw32/nios2-elf/lib/mno-hw-mul\libc.a(lib_a-__atexit.o)
 .bss           0x000000000000eb5c        0x0 c:/intelfpga_lite/18.1/nios2eds/bin/gnu/h-x86_64-mingw32/bin/../lib/gcc/nios2-elf/5.3.0/../../../../../H-x86_64-mingw32/nios2-elf/lib/mno-hw-mul\libc.a(lib_a-__call_atexit.o)
 .bss           0x000000000000eb5c        0x0 ../nios_system_bsp/\libhal_bsp.a(alt_exit.o)
 *(COMMON)
 COMMON         0x000000000000eb5c      0x100 ../nios_system_bsp/\libhal_bsp.a(alt_irq_handler.o)
                0x000000000000eb5c                alt_irq
                0x000000000000ec5c                . = ALIGN (0x4)
                0x000000000000ec5c                __bss_end = ABSOLUTE (.)

.onchip_memory2_0
                0x000000000000ec5c        0x0
                [!provide]                        PROVIDE (_alt_partition_onchip_memory2_0_start, ABSOLUTE (.))
 *(.onchip_memory2_0 .onchip_memory2_0. onchip_memory2_0.*)
                0x000000000000ec5c                . = ALIGN (0x4)
                [!provide]                        PROVIDE (_alt_partition_onchip_memory2_0_end, ABSOLUTE (.))
                0x000000000000ec5c                _end = ABSOLUTE (.)
                0x000000000000ec5c                end = ABSOLUTE (.)
                0x000000000000ec5c                __alt_stack_base = ABSOLUTE (.)
                [!provide]                        PROVIDE (_alt_partition_onchip_memory2_0_load_addr, LOADADDR (.onchip_memory2_0))

.stab
 *(.stab)

.stabstr
 *(.stabstr)

.stab.excl
 *(.stab.excl)

.stab.exclstr
 *(.stab.exclstr)

.stab.index
 *(.stab.index)

.stab.indexstr
 *(.stab.indexstr)

.comment        0x0000000000000000       0x23
 *(.comment)
 .comment       0x0000000000000000       0x23 obj/default/servo_software.o
                                         0x24 (size before relaxing)
 .comment       0x0000000000000023       0x24 c:/intelfpga_lite/18.1/nios2eds/bin/gnu/h-x86_64-mingw32/bin/../lib/gcc/nios2-elf/5.3.0/mno-hw-mul\libgcc.a(lib2-divmod.o)
 .comment       0x0000000000000023       0x24 c:/intelfpga_lite/18.1/nios2eds/bin/gnu/h-x86_64-mingw32/bin/../lib/gcc/nios2-elf/5.3.0/mno-hw-mul\libgcc.a(adddf3.o)
 .comment       0x0000000000000023       0x24 c:/intelfpga_lite/18.1/nios2eds/bin/gnu/h-x86_64-mingw32/bin/../lib/gcc/nios2-elf/5.3.0/mno-hw-mul\libgcc.a(muldf3.o)
 .comment       0x0000000000000023       0x24 c:/intelfpga_lite/18.1/nios2eds/bin/gnu/h-x86_64-mingw32/bin/../lib/gcc/nios2-elf/5.3.0/mno-hw-mul\libgcc.a(fixdfsi.o)
 .comment       0x0000000000000023       0x24 c:/intelfpga_lite/18.1/nios2eds/bin/gnu/h-x86_64-mingw32/bin/../lib/gcc/nios2-elf/5.3.0/mno-hw-mul\libgcc.a(floatsidf.o)
 .comment       0x0000000000000023       0x24 c:/intelfpga_lite/18.1/nios2eds/bin/gnu/h-x86_64-mingw32/bin/../lib/gcc/nios2-elf/5.3.0/mno-hw-mul\libgcc.a(_clzsi2.o)
 .comment       0x0000000000000023       0x24 c:/intelfpga_lite/18.1/nios2eds/bin/gnu/h-x86_64-mingw32/bin/../lib/gcc/nios2-elf/5.3.0/mno-hw-mul\libgcc.a(lib2-mul.o)
 .comment       0x0000000000000023       0x24 c:/intelfpga_lite/18.1/nios2eds/bin/gnu/h-x86_64-mingw32/bin/../lib/gcc/nios2-elf/5.3.0/mno-hw-mul\libgcc.a(_clz.o)
 .comment       0x0000000000000023       0x24 ../nios_system_bsp/\libhal_bsp.a(alt_iic.o)
 .comment       0x0000000000000023       0x24 ../nios_system_bsp/\libhal_bsp.a(alt_iic_isr_register.o)
 .comment       0x0000000000000023       0x24 ../nios_system_bsp/\libhal_bsp.a(alt_irq_handler.o)
 .comment       0x0000000000000023       0x24 ../nios_system_bsp/\libhal_bsp.a(alt_irq_vars.o)
 .comment       0x0000000000000023       0x24 ../nios_system_bsp/\libhal_bsp.a(alt_load.o)
 .comment       0x0000000000000023       0x24 ../nios_system_bsp/\libhal_bsp.a(alt_main.o)
 .comment       0x0000000000000023       0x24 ../nios_system_bsp/\libhal_bsp.a(alt_sys_init.o)
 .comment       0x0000000000000023       0x24 ../nios_system_bsp/\libhal_bsp.a(altera_avalon_jtag_uart_fd.o)
 .comment       0x0000000000000023       0x24 ../nios_system_bsp/\libhal_bsp.a(altera_avalon_jtag_uart_init.o)
 .comment       0x0000000000000023       0x24 ../nios_system_bsp/\libhal_bsp.a(altera_avalon_jtag_uart_ioctl.o)
 .comment       0x0000000000000023       0x24 ../nios_system_bsp/\libhal_bsp.a(altera_avalon_jtag_uart_read.o)
 .comment       0x0000000000000023       0x24 ../nios_system_bsp/\libhal_bsp.a(altera_avalon_jtag_uart_write.o)
 .comment       0x0000000000000023       0x24 ../nios_system_bsp/\libhal_bsp.a(alt_alarm_start.o)
 .comment       0x0000000000000023       0x24 ../nios_system_bsp/\libhal_bsp.a(alt_close.o)
 .comment       0x0000000000000023       0x24 ../nios_system_bsp/\libhal_bsp.a(alt_dcache_flush_all.o)
 .comment       0x0000000000000023       0x24 ../nios_system_bsp/\libhal_bsp.a(alt_dev.o)
 .comment       0x0000000000000023       0x24 ../nios_system_bsp/\libhal_bsp.a(alt_dev_llist_insert.o)
 .comment       0x0000000000000023       0x24 ../nios_system_bsp/\libhal_bsp.a(alt_do_ctors.o)
 .comment       0x0000000000000023       0x24 ../nios_system_bsp/\libhal_bsp.a(alt_do_dtors.o)
 .comment       0x0000000000000023       0x24 ../nios_system_bsp/\libhal_bsp.a(alt_errno.o)
 .comment       0x0000000000000023       0x24 ../nios_system_bsp/\libhal_bsp.a(alt_icache_flush_all.o)
 .comment       0x0000000000000023       0x24 ../nios_system_bsp/\libhal_bsp.a(alt_instruction_exception_entry.o)
 .comment       0x0000000000000023       0x24 ../nios_system_bsp/\libhal_bsp.a(alt_io_redirect.o)
 .comment       0x0000000000000023       0x24 ../nios_system_bsp/\libhal_bsp.a(alt_open.o)
 .comment       0x0000000000000023       0x24 ../nios_system_bsp/\libhal_bsp.a(alt_release_fd.o)
 .comment       0x0000000000000023       0x24 ../nios_system_bsp/\libhal_bsp.a(alt_tick.o)
 .comment       0x0000000000000023       0x24 ../nios_system_bsp/\libhal_bsp.a(altera_nios2_gen2_irq.o)
 .comment       0x0000000000000023       0x24 ../nios_system_bsp/\libhal_bsp.a(alt_find_dev.o)
 .comment       0x0000000000000023       0x24 ../nios_system_bsp/\libhal_bsp.a(alt_find_file.o)
 .comment       0x0000000000000023       0x24 ../nios_system_bsp/\libhal_bsp.a(alt_get_fd.o)
 .comment       0x0000000000000023       0x24 c:/intelfpga_lite/18.1/nios2eds/bin/gnu/h-x86_64-mingw32/bin/../lib/gcc/nios2-elf/5.3.0/../../../../../H-x86_64-mingw32/nios2-elf/lib/mno-hw-mul\libc.a(lib_a-atexit.o)
 .comment       0x0000000000000023       0x24 c:/intelfpga_lite/18.1/nios2eds/bin/gnu/h-x86_64-mingw32/bin/../lib/gcc/nios2-elf/5.3.0/../../../../../H-x86_64-mingw32/nios2-elf/lib/mno-hw-mul\libc.a(lib_a-exit.o)
 .comment       0x0000000000000023       0x24 c:/intelfpga_lite/18.1/nios2eds/bin/gnu/h-x86_64-mingw32/bin/../lib/gcc/nios2-elf/5.3.0/../../../../../H-x86_64-mingw32/nios2-elf/lib/mno-hw-mul\libc.a(lib_a-impure.o)
 .comment       0x0000000000000023       0x24 c:/intelfpga_lite/18.1/nios2eds/bin/gnu/h-x86_64-mingw32/bin/../lib/gcc/nios2-elf/5.3.0/../../../../../H-x86_64-mingw32/nios2-elf/lib/mno-hw-mul\libc.a(lib_a-int_errno.o)
 .comment       0x0000000000000023       0x24 c:/intelfpga_lite/18.1/nios2eds/bin/gnu/h-x86_64-mingw32/bin/../lib/gcc/nios2-elf/5.3.0/../../../../../H-x86_64-mingw32/nios2-elf/lib/mno-hw-mul\libc.a(lib_a-memcmp.o)
 .comment       0x0000000000000023       0x24 c:/intelfpga_lite/18.1/nios2eds/bin/gnu/h-x86_64-mingw32/bin/../lib/gcc/nios2-elf/5.3.0/../../../../../H-x86_64-mingw32/nios2-elf/lib/mno-hw-mul\libc.a(lib_a-memcpy.o)
 .comment       0x0000000000000023       0x24 c:/intelfpga_lite/18.1/nios2eds/bin/gnu/h-x86_64-mingw32/bin/../lib/gcc/nios2-elf/5.3.0/../../../../../H-x86_64-mingw32/nios2-elf/lib/mno-hw-mul\libc.a(lib_a-strlen.o)
 .comment       0x0000000000000023       0x24 c:/intelfpga_lite/18.1/nios2eds/bin/gnu/h-x86_64-mingw32/bin/../lib/gcc/nios2-elf/5.3.0/../../../../../H-x86_64-mingw32/nios2-elf/lib/mno-hw-mul\libc.a(lib_a-__atexit.o)
 .comment       0x0000000000000023       0x24 c:/intelfpga_lite/18.1/nios2eds/bin/gnu/h-x86_64-mingw32/bin/../lib/gcc/nios2-elf/5.3.0/../../../../../H-x86_64-mingw32/nios2-elf/lib/mno-hw-mul\libc.a(lib_a-__call_atexit.o)
 .comment       0x0000000000000023       0x24 ../nios_system_bsp/\libhal_bsp.a(alt_exit.o)

.debug
 *(.debug)

.line
 *(.line)

.debug_srcinfo
 *(.debug_srcinfo)

.debug_sfnames
 *(.debug_sfnames)

.debug_aranges  0x0000000000000000      0x690
 *(.debug_aranges)
 .debug_aranges
                0x0000000000000000       0x28 ../nios_system_bsp//obj/HAL/src/crt0.o
 .debug_aranges
                0x0000000000000028       0x20 obj/default/servo_software.o
 .debug_aranges
                0x0000000000000048       0x20 c:/intelfpga_lite/18.1/nios2eds/bin/gnu/h-x86_64-mingw32/bin/../lib/gcc/nios2-elf/5.3.0/mno-hw-mul\libgcc.a(lib2-divmod.o)
 .debug_aranges
                0x0000000000000068       0x20 c:/intelfpga_lite/18.1/nios2eds/bin/gnu/h-x86_64-mingw32/bin/../lib/gcc/nios2-elf/5.3.0/mno-hw-mul\libgcc.a(adddf3.o)
 .debug_aranges
                0x0000000000000088       0x20 c:/intelfpga_lite/18.1/nios2eds/bin/gnu/h-x86_64-mingw32/bin/../lib/gcc/nios2-elf/5.3.0/mno-hw-mul\libgcc.a(muldf3.o)
 .debug_aranges
                0x00000000000000a8       0x20 c:/intelfpga_lite/18.1/nios2eds/bin/gnu/h-x86_64-mingw32/bin/../lib/gcc/nios2-elf/5.3.0/mno-hw-mul\libgcc.a(fixdfsi.o)
 .debug_aranges
                0x00000000000000c8       0x20 c:/intelfpga_lite/18.1/nios2eds/bin/gnu/h-x86_64-mingw32/bin/../lib/gcc/nios2-elf/5.3.0/mno-hw-mul\libgcc.a(floatsidf.o)
 .debug_aranges
                0x00000000000000e8       0x20 c:/intelfpga_lite/18.1/nios2eds/bin/gnu/h-x86_64-mingw32/bin/../lib/gcc/nios2-elf/5.3.0/mno-hw-mul\libgcc.a(_clzsi2.o)
 .debug_aranges
                0x0000000000000108       0x20 c:/intelfpga_lite/18.1/nios2eds/bin/gnu/h-x86_64-mingw32/bin/../lib/gcc/nios2-elf/5.3.0/mno-hw-mul\libgcc.a(lib2-mul.o)
 .debug_aranges
                0x0000000000000128       0x18 c:/intelfpga_lite/18.1/nios2eds/bin/gnu/h-x86_64-mingw32/bin/../lib/gcc/nios2-elf/5.3.0/mno-hw-mul\libgcc.a(_clz.o)
 .debug_aranges
                0x0000000000000140       0x20 ../nios_system_bsp/\libhal_bsp.a(alt_iic.o)
 .debug_aranges
                0x0000000000000160       0x20 ../nios_system_bsp/\libhal_bsp.a(alt_iic_isr_register.o)
 .debug_aranges
                0x0000000000000180       0x30 ../nios_system_bsp/\libhal_bsp.a(alt_irq_entry.o)
 .debug_aranges
                0x00000000000001b0       0x20 ../nios_system_bsp/\libhal_bsp.a(alt_irq_handler.o)
 .debug_aranges
                0x00000000000001d0       0x18 ../nios_system_bsp/\libhal_bsp.a(alt_irq_vars.o)
 .debug_aranges
                0x00000000000001e8       0x20 ../nios_system_bsp/\libhal_bsp.a(alt_load.o)
 .debug_aranges
                0x0000000000000208       0x20 ../nios_system_bsp/\libhal_bsp.a(alt_main.o)
 .debug_aranges
                0x0000000000000228       0x20 ../nios_system_bsp/\libhal_bsp.a(alt_sys_init.o)
 .debug_aranges
                0x0000000000000248       0x20 ../nios_system_bsp/\libhal_bsp.a(altera_avalon_jtag_uart_fd.o)
 .debug_aranges
                0x0000000000000268       0x20 ../nios_system_bsp/\libhal_bsp.a(altera_avalon_jtag_uart_init.o)
 .debug_aranges
                0x0000000000000288       0x20 ../nios_system_bsp/\libhal_bsp.a(altera_avalon_jtag_uart_ioctl.o)
 .debug_aranges
                0x00000000000002a8       0x20 ../nios_system_bsp/\libhal_bsp.a(altera_avalon_jtag_uart_read.o)
 .debug_aranges
                0x00000000000002c8       0x20 ../nios_system_bsp/\libhal_bsp.a(altera_avalon_jtag_uart_write.o)
 .debug_aranges
                0x00000000000002e8       0x20 ../nios_system_bsp/\libhal_bsp.a(alt_alarm_start.o)
 .debug_aranges
                0x0000000000000308       0x20 ../nios_system_bsp/\libhal_bsp.a(alt_close.o)
 .debug_aranges
                0x0000000000000328       0x20 ../nios_system_bsp/\libhal_bsp.a(alt_dcache_flush_all.o)
 .debug_aranges
                0x0000000000000348       0x20 ../nios_system_bsp/\libhal_bsp.a(alt_dev.o)
 .debug_aranges
                0x0000000000000368       0x20 ../nios_system_bsp/\libhal_bsp.a(alt_dev_llist_insert.o)
 .debug_aranges
                0x0000000000000388       0x20 ../nios_system_bsp/\libhal_bsp.a(alt_do_ctors.o)
 .debug_aranges
                0x00000000000003a8       0x20 ../nios_system_bsp/\libhal_bsp.a(alt_do_dtors.o)
 .debug_aranges
                0x00000000000003c8       0x18 ../nios_system_bsp/\libhal_bsp.a(alt_errno.o)
 .debug_aranges
                0x00000000000003e0       0x38 ../nios_system_bsp/\libhal_bsp.a(alt_exception_entry.o)
 .debug_aranges
                0x0000000000000418       0x20 ../nios_system_bsp/\libhal_bsp.a(alt_icache_flush_all.o)
 .debug_aranges
                0x0000000000000438       0x28 ../nios_system_bsp/\libhal_bsp.a(alt_instruction_exception_entry.o)
 .debug_aranges
                0x0000000000000460       0x20 ../nios_system_bsp/\libhal_bsp.a(alt_io_redirect.o)
 .debug_aranges
                0x0000000000000480       0x20 ../nios_system_bsp/\libhal_bsp.a(alt_open.o)
 .debug_aranges
                0x00000000000004a0       0x20 ../nios_system_bsp/\libhal_bsp.a(alt_release_fd.o)
 .debug_aranges
                0x00000000000004c0       0x20 ../nios_system_bsp/\libhal_bsp.a(alt_tick.o)
 .debug_aranges
                0x00000000000004e0       0x20 ../nios_system_bsp/\libhal_bsp.a(altera_nios2_gen2_irq.o)
 .debug_aranges
                0x0000000000000500       0x20 ../nios_system_bsp/\libhal_bsp.a(alt_find_dev.o)
 .debug_aranges
                0x0000000000000520       0x20 ../nios_system_bsp/\libhal_bsp.a(alt_find_file.o)
 .debug_aranges
                0x0000000000000540       0x20 ../nios_system_bsp/\libhal_bsp.a(alt_get_fd.o)
 .debug_aranges
                0x0000000000000560       0x20 c:/intelfpga_lite/18.1/nios2eds/bin/gnu/h-x86_64-mingw32/bin/../lib/gcc/nios2-elf/5.3.0/../../../../../H-x86_64-mingw32/nios2-elf/lib/mno-hw-mul\libc.a(lib_a-atexit.o)
 .debug_aranges
                0x0000000000000580       0x20 c:/intelfpga_lite/18.1/nios2eds/bin/gnu/h-x86_64-mingw32/bin/../lib/gcc/nios2-elf/5.3.0/../../../../../H-x86_64-mingw32/nios2-elf/lib/mno-hw-mul\libc.a(lib_a-exit.o)
 .debug_aranges
                0x00000000000005a0       0x18 c:/intelfpga_lite/18.1/nios2eds/bin/gnu/h-x86_64-mingw32/bin/../lib/gcc/nios2-elf/5.3.0/../../../../../H-x86_64-mingw32/nios2-elf/lib/mno-hw-mul\libc.a(lib_a-impure.o)
 .debug_aranges
                0x00000000000005b8       0x18 c:/intelfpga_lite/18.1/nios2eds/bin/gnu/h-x86_64-mingw32/bin/../lib/gcc/nios2-elf/5.3.0/../../../../../H-x86_64-mingw32/nios2-elf/lib/mno-hw-mul\libc.a(lib_a-int_errno.o)
 .debug_aranges
                0x00000000000005d0       0x20 c:/intelfpga_lite/18.1/nios2eds/bin/gnu/h-x86_64-mingw32/bin/../lib/gcc/nios2-elf/5.3.0/../../../../../H-x86_64-mingw32/nios2-elf/lib/mno-hw-mul\libc.a(lib_a-memcmp.o)
 .debug_aranges
                0x00000000000005f0       0x20 c:/intelfpga_lite/18.1/nios2eds/bin/gnu/h-x86_64-mingw32/bin/../lib/gcc/nios2-elf/5.3.0/../../../../../H-x86_64-mingw32/nios2-elf/lib/mno-hw-mul\libc.a(lib_a-memcpy.o)
 .debug_aranges
                0x0000000000000610       0x20 c:/intelfpga_lite/18.1/nios2eds/bin/gnu/h-x86_64-mingw32/bin/../lib/gcc/nios2-elf/5.3.0/../../../../../H-x86_64-mingw32/nios2-elf/lib/mno-hw-mul\libc.a(lib_a-strlen.o)
 .debug_aranges
                0x0000000000000630       0x20 c:/intelfpga_lite/18.1/nios2eds/bin/gnu/h-x86_64-mingw32/bin/../lib/gcc/nios2-elf/5.3.0/../../../../../H-x86_64-mingw32/nios2-elf/lib/mno-hw-mul\libc.a(lib_a-__atexit.o)
 .debug_aranges
                0x0000000000000650       0x20 c:/intelfpga_lite/18.1/nios2eds/bin/gnu/h-x86_64-mingw32/bin/../lib/gcc/nios2-elf/5.3.0/../../../../../H-x86_64-mingw32/nios2-elf/lib/mno-hw-mul\libc.a(lib_a-__call_atexit.o)
 .debug_aranges
                0x0000000000000670       0x20 ../nios_system_bsp/\libhal_bsp.a(alt_exit.o)

.debug_pubnames
 *(.debug_pubnames)

.debug_info     0x0000000000000000     0x890e
 *(.debug_info .gnu.linkonce.wi.*)
 .debug_info    0x0000000000000000       0x59 ../nios_system_bsp//obj/HAL/src/crt0.o
 .debug_info    0x0000000000000059      0x26f obj/default/servo_software.o
 .debug_info    0x00000000000002c8      0x2c6 c:/intelfpga_lite/18.1/nios2eds/bin/gnu/h-x86_64-mingw32/bin/../lib/gcc/nios2-elf/5.3.0/mno-hw-mul\libgcc.a(lib2-divmod.o)
 .debug_info    0x000000000000058e      0x4a2 c:/intelfpga_lite/18.1/nios2eds/bin/gnu/h-x86_64-mingw32/bin/../lib/gcc/nios2-elf/5.3.0/mno-hw-mul\libgcc.a(adddf3.o)
 .debug_info    0x0000000000000a30      0x5f1 c:/intelfpga_lite/18.1/nios2eds/bin/gnu/h-x86_64-mingw32/bin/../lib/gcc/nios2-elf/5.3.0/mno-hw-mul\libgcc.a(muldf3.o)
 .debug_info    0x0000000000001021      0x1ae c:/intelfpga_lite/18.1/nios2eds/bin/gnu/h-x86_64-mingw32/bin/../lib/gcc/nios2-elf/5.3.0/mno-hw-mul\libgcc.a(fixdfsi.o)
 .debug_info    0x00000000000011cf      0x1bc c:/intelfpga_lite/18.1/nios2eds/bin/gnu/h-x86_64-mingw32/bin/../lib/gcc/nios2-elf/5.3.0/mno-hw-mul\libgcc.a(floatsidf.o)
 .debug_info    0x000000000000138b      0x124 c:/intelfpga_lite/18.1/nios2eds/bin/gnu/h-x86_64-mingw32/bin/../lib/gcc/nios2-elf/5.3.0/mno-hw-mul\libgcc.a(_clzsi2.o)
 .debug_info    0x00000000000014af       0xb4 c:/intelfpga_lite/18.1/nios2eds/bin/gnu/h-x86_64-mingw32/bin/../lib/gcc/nios2-elf/5.3.0/mno-hw-mul\libgcc.a(lib2-mul.o)
 .debug_info    0x0000000000001563       0xb2 c:/intelfpga_lite/18.1/nios2eds/bin/gnu/h-x86_64-mingw32/bin/../lib/gcc/nios2-elf/5.3.0/mno-hw-mul\libgcc.a(_clz.o)
 .debug_info    0x0000000000001615      0x350 ../nios_system_bsp/\libhal_bsp.a(alt_iic.o)
 .debug_info    0x0000000000001965      0x1ef ../nios_system_bsp/\libhal_bsp.a(alt_iic_isr_register.o)
 .debug_info    0x0000000000001b54       0x62 ../nios_system_bsp/\libhal_bsp.a(alt_irq_entry.o)
 .debug_info    0x0000000000001bb6      0x187 ../nios_system_bsp/\libhal_bsp.a(alt_irq_handler.o)
 .debug_info    0x0000000000001d3d       0x88 ../nios_system_bsp/\libhal_bsp.a(alt_irq_vars.o)
 .debug_info    0x0000000000001dc5      0x145 ../nios_system_bsp/\libhal_bsp.a(alt_load.o)
 .debug_info    0x0000000000001f0a      0x131 ../nios_system_bsp/\libhal_bsp.a(alt_main.o)
 .debug_info    0x000000000000203b      0x4c3 ../nios_system_bsp/\libhal_bsp.a(alt_sys_init.o)
 .debug_info    0x00000000000024fe      0x52e ../nios_system_bsp/\libhal_bsp.a(altera_avalon_jtag_uart_fd.o)
 .debug_info    0x0000000000002a2c      0x3a0 ../nios_system_bsp/\libhal_bsp.a(altera_avalon_jtag_uart_init.o)
 .debug_info    0x0000000000002dcc      0x280 ../nios_system_bsp/\libhal_bsp.a(altera_avalon_jtag_uart_ioctl.o)
 .debug_info    0x000000000000304c      0x345 ../nios_system_bsp/\libhal_bsp.a(altera_avalon_jtag_uart_read.o)
 .debug_info    0x0000000000003391      0x340 ../nios_system_bsp/\libhal_bsp.a(altera_avalon_jtag_uart_write.o)
 .debug_info    0x00000000000036d1      0x2cc ../nios_system_bsp/\libhal_bsp.a(alt_alarm_start.o)
 .debug_info    0x000000000000399d      0x321 ../nios_system_bsp/\libhal_bsp.a(alt_close.o)
 .debug_info    0x0000000000003cbe       0x92 ../nios_system_bsp/\libhal_bsp.a(alt_dcache_flush_all.o)
 .debug_info    0x0000000000003d50      0x49c ../nios_system_bsp/\libhal_bsp.a(alt_dev.o)
 .debug_info    0x00000000000041ec      0x1a9 ../nios_system_bsp/\libhal_bsp.a(alt_dev_llist_insert.o)
 .debug_info    0x0000000000004395       0x83 ../nios_system_bsp/\libhal_bsp.a(alt_do_ctors.o)
 .debug_info    0x0000000000004418       0x83 ../nios_system_bsp/\libhal_bsp.a(alt_do_dtors.o)
 .debug_info    0x000000000000449b       0xa6 ../nios_system_bsp/\libhal_bsp.a(alt_errno.o)
 .debug_info    0x0000000000004541       0x68 ../nios_system_bsp/\libhal_bsp.a(alt_exception_entry.o)
 .debug_info    0x00000000000045a9       0x92 ../nios_system_bsp/\libhal_bsp.a(alt_icache_flush_all.o)
 .debug_info    0x000000000000463b      0x1e7 ../nios_system_bsp/\libhal_bsp.a(alt_instruction_exception_entry.o)
 .debug_info    0x0000000000004822      0x4a5 ../nios_system_bsp/\libhal_bsp.a(alt_io_redirect.o)
 .debug_info    0x0000000000004cc7      0x3bb ../nios_system_bsp/\libhal_bsp.a(alt_open.o)
 .debug_info    0x0000000000005082      0x2b0 ../nios_system_bsp/\libhal_bsp.a(alt_release_fd.o)
 .debug_info    0x0000000000005332      0x299 ../nios_system_bsp/\libhal_bsp.a(alt_tick.o)
 .debug_info    0x00000000000055cb       0x92 ../nios_system_bsp/\libhal_bsp.a(altera_nios2_gen2_irq.o)
 .debug_info    0x000000000000565d      0x2e9 ../nios_system_bsp/\libhal_bsp.a(alt_find_dev.o)
 .debug_info    0x0000000000005946      0x2e6 ../nios_system_bsp/\libhal_bsp.a(alt_find_file.o)
 .debug_info    0x0000000000005c2c      0x310 ../nios_system_bsp/\libhal_bsp.a(alt_get_fd.o)
 .debug_info    0x0000000000005f3c       0xfe c:/intelfpga_lite/18.1/nios2eds/bin/gnu/h-x86_64-mingw32/bin/../lib/gcc/nios2-elf/5.3.0/../../../../../H-x86_64-mingw32/nios2-elf/lib/mno-hw-mul\libc.a(lib_a-atexit.o)
 .debug_info    0x000000000000603a      0x8e4 c:/intelfpga_lite/18.1/nios2eds/bin/gnu/h-x86_64-mingw32/bin/../lib/gcc/nios2-elf/5.3.0/../../../../../H-x86_64-mingw32/nios2-elf/lib/mno-hw-mul\libc.a(lib_a-exit.o)
 .debug_info    0x000000000000691e      0x8a1 c:/intelfpga_lite/18.1/nios2eds/bin/gnu/h-x86_64-mingw32/bin/../lib/gcc/nios2-elf/5.3.0/../../../../../H-x86_64-mingw32/nios2-elf/lib/mno-hw-mul\libc.a(lib_a-impure.o)
 .debug_info    0x00000000000071bf       0x8a c:/intelfpga_lite/18.1/nios2eds/bin/gnu/h-x86_64-mingw32/bin/../lib/gcc/nios2-elf/5.3.0/../../../../../H-x86_64-mingw32/nios2-elf/lib/mno-hw-mul\libc.a(lib_a-int_errno.o)
 .debug_info    0x0000000000007249      0x11a c:/intelfpga_lite/18.1/nios2eds/bin/gnu/h-x86_64-mingw32/bin/../lib/gcc/nios2-elf/5.3.0/../../../../../H-x86_64-mingw32/nios2-elf/lib/mno-hw-mul\libc.a(lib_a-memcmp.o)
 .debug_info    0x0000000000007363      0x144 c:/intelfpga_lite/18.1/nios2eds/bin/gnu/h-x86_64-mingw32/bin/../lib/gcc/nios2-elf/5.3.0/../../../../../H-x86_64-mingw32/nios2-elf/lib/mno-hw-mul\libc.a(lib_a-memcpy.o)
 .debug_info    0x00000000000074a7       0xe2 c:/intelfpga_lite/18.1/nios2eds/bin/gnu/h-x86_64-mingw32/bin/../lib/gcc/nios2-elf/5.3.0/../../../../../H-x86_64-mingw32/nios2-elf/lib/mno-hw-mul\libc.a(lib_a-strlen.o)
 .debug_info    0x0000000000007589      0x934 c:/intelfpga_lite/18.1/nios2eds/bin/gnu/h-x86_64-mingw32/bin/../lib/gcc/nios2-elf/5.3.0/../../../../../H-x86_64-mingw32/nios2-elf/lib/mno-hw-mul\libc.a(lib_a-__atexit.o)
 .debug_info    0x0000000000007ebd      0x965 c:/intelfpga_lite/18.1/nios2eds/bin/gnu/h-x86_64-mingw32/bin/../lib/gcc/nios2-elf/5.3.0/../../../../../H-x86_64-mingw32/nios2-elf/lib/mno-hw-mul\libc.a(lib_a-__call_atexit.o)
 .debug_info    0x0000000000008822       0xec ../nios_system_bsp/\libhal_bsp.a(alt_exit.o)

.debug_abbrev   0x0000000000000000     0x309e
 *(.debug_abbrev)
 .debug_abbrev  0x0000000000000000       0x12 ../nios_system_bsp//obj/HAL/src/crt0.o
 .debug_abbrev  0x0000000000000012       0xef obj/default/servo_software.o
 .debug_abbrev  0x0000000000000101      0x10e c:/intelfpga_lite/18.1/nios2eds/bin/gnu/h-x86_64-mingw32/bin/../lib/gcc/nios2-elf/5.3.0/mno-hw-mul\libgcc.a(lib2-divmod.o)
 .debug_abbrev  0x000000000000020f      0x13a c:/intelfpga_lite/18.1/nios2eds/bin/gnu/h-x86_64-mingw32/bin/../lib/gcc/nios2-elf/5.3.0/mno-hw-mul\libgcc.a(adddf3.o)
 .debug_abbrev  0x0000000000000349      0x13f c:/intelfpga_lite/18.1/nios2eds/bin/gnu/h-x86_64-mingw32/bin/../lib/gcc/nios2-elf/5.3.0/mno-hw-mul\libgcc.a(muldf3.o)
 .debug_abbrev  0x0000000000000488      0x135 c:/intelfpga_lite/18.1/nios2eds/bin/gnu/h-x86_64-mingw32/bin/../lib/gcc/nios2-elf/5.3.0/mno-hw-mul\libgcc.a(fixdfsi.o)
 .debug_abbrev  0x00000000000005bd      0x124 c:/intelfpga_lite/18.1/nios2eds/bin/gnu/h-x86_64-mingw32/bin/../lib/gcc/nios2-elf/5.3.0/mno-hw-mul\libgcc.a(floatsidf.o)
 .debug_abbrev  0x00000000000006e1       0xbe c:/intelfpga_lite/18.1/nios2eds/bin/gnu/h-x86_64-mingw32/bin/../lib/gcc/nios2-elf/5.3.0/mno-hw-mul\libgcc.a(_clzsi2.o)
 .debug_abbrev  0x000000000000079f       0x6f c:/intelfpga_lite/18.1/nios2eds/bin/gnu/h-x86_64-mingw32/bin/../lib/gcc/nios2-elf/5.3.0/mno-hw-mul\libgcc.a(lib2-mul.o)
 .debug_abbrev  0x000000000000080e       0x5d c:/intelfpga_lite/18.1/nios2eds/bin/gnu/h-x86_64-mingw32/bin/../lib/gcc/nios2-elf/5.3.0/mno-hw-mul\libgcc.a(_clz.o)
 .debug_abbrev  0x000000000000086b      0x163 ../nios_system_bsp/\libhal_bsp.a(alt_iic.o)
 .debug_abbrev  0x00000000000009ce      0x169 ../nios_system_bsp/\libhal_bsp.a(alt_iic_isr_register.o)
 .debug_abbrev  0x0000000000000b37       0x12 ../nios_system_bsp/\libhal_bsp.a(alt_irq_entry.o)
 .debug_abbrev  0x0000000000000b49      0x122 ../nios_system_bsp/\libhal_bsp.a(alt_irq_handler.o)
 .debug_abbrev  0x0000000000000c6b       0x40 ../nios_system_bsp/\libhal_bsp.a(alt_irq_vars.o)
 .debug_abbrev  0x0000000000000cab       0x9f ../nios_system_bsp/\libhal_bsp.a(alt_load.o)
 .debug_abbrev  0x0000000000000d4a       0xba ../nios_system_bsp/\libhal_bsp.a(alt_main.o)
 .debug_abbrev  0x0000000000000e04      0x187 ../nios_system_bsp/\libhal_bsp.a(alt_sys_init.o)
 .debug_abbrev  0x0000000000000f8b      0x127 ../nios_system_bsp/\libhal_bsp.a(altera_avalon_jtag_uart_fd.o)
 .debug_abbrev  0x00000000000010b2      0x19e ../nios_system_bsp/\libhal_bsp.a(altera_avalon_jtag_uart_init.o)
 .debug_abbrev  0x0000000000001250      0x111 ../nios_system_bsp/\libhal_bsp.a(altera_avalon_jtag_uart_ioctl.o)
 .debug_abbrev  0x0000000000001361      0x1aa ../nios_system_bsp/\libhal_bsp.a(altera_avalon_jtag_uart_read.o)
 .debug_abbrev  0x000000000000150b      0x1a8 ../nios_system_bsp/\libhal_bsp.a(altera_avalon_jtag_uart_write.o)
 .debug_abbrev  0x00000000000016b3      0x162 ../nios_system_bsp/\libhal_bsp.a(alt_alarm_start.o)
 .debug_abbrev  0x0000000000001815      0x11f ../nios_system_bsp/\libhal_bsp.a(alt_close.o)
 .debug_abbrev  0x0000000000001934       0x42 ../nios_system_bsp/\libhal_bsp.a(alt_dcache_flush_all.o)
 .debug_abbrev  0x0000000000001976       0xd9 ../nios_system_bsp/\libhal_bsp.a(alt_dev.o)
 .debug_abbrev  0x0000000000001a4f      0x114 ../nios_system_bsp/\libhal_bsp.a(alt_dev_llist_insert.o)
 .debug_abbrev  0x0000000000001b63       0x79 ../nios_system_bsp/\libhal_bsp.a(alt_do_ctors.o)
 .debug_abbrev  0x0000000000001bdc       0x79 ../nios_system_bsp/\libhal_bsp.a(alt_do_dtors.o)
 .debug_abbrev  0x0000000000001c55       0x5a ../nios_system_bsp/\libhal_bsp.a(alt_errno.o)
 .debug_abbrev  0x0000000000001caf       0x12 ../nios_system_bsp/\libhal_bsp.a(alt_exception_entry.o)
 .debug_abbrev  0x0000000000001cc1       0x42 ../nios_system_bsp/\libhal_bsp.a(alt_icache_flush_all.o)
 .debug_abbrev  0x0000000000001d03       0xdc ../nios_system_bsp/\libhal_bsp.a(alt_instruction_exception_entry.o)
 .debug_abbrev  0x0000000000001ddf      0x114 ../nios_system_bsp/\libhal_bsp.a(alt_io_redirect.o)
 .debug_abbrev  0x0000000000001ef3      0x148 ../nios_system_bsp/\libhal_bsp.a(alt_open.o)
 .debug_abbrev  0x000000000000203b       0xde ../nios_system_bsp/\libhal_bsp.a(alt_release_fd.o)
 .debug_abbrev  0x0000000000002119      0x15a ../nios_system_bsp/\libhal_bsp.a(alt_tick.o)
 .debug_abbrev  0x0000000000002273       0x42 ../nios_system_bsp/\libhal_bsp.a(altera_nios2_gen2_irq.o)
 .debug_abbrev  0x00000000000022b5       0xf0 ../nios_system_bsp/\libhal_bsp.a(alt_find_dev.o)
 .debug_abbrev  0x00000000000023a5       0xf0 ../nios_system_bsp/\libhal_bsp.a(alt_find_file.o)
 .debug_abbrev  0x0000000000002495      0x10d ../nios_system_bsp/\libhal_bsp.a(alt_get_fd.o)
 .debug_abbrev  0x00000000000025a2       0xaa c:/intelfpga_lite/18.1/nios2eds/bin/gnu/h-x86_64-mingw32/bin/../lib/gcc/nios2-elf/5.3.0/../../../../../H-x86_64-mingw32/nios2-elf/lib/mno-hw-mul\libc.a(lib_a-atexit.o)
 .debug_abbrev  0x000000000000264c      0x1e5 c:/intelfpga_lite/18.1/nios2eds/bin/gnu/h-x86_64-mingw32/bin/../lib/gcc/nios2-elf/5.3.0/../../../../../H-x86_64-mingw32/nios2-elf/lib/mno-hw-mul\libc.a(lib_a-exit.o)
 .debug_abbrev  0x0000000000002831      0x18f c:/intelfpga_lite/18.1/nios2eds/bin/gnu/h-x86_64-mingw32/bin/../lib/gcc/nios2-elf/5.3.0/../../../../../H-x86_64-mingw32/nios2-elf/lib/mno-hw-mul\libc.a(lib_a-impure.o)
 .debug_abbrev  0x00000000000029c0       0x37 c:/intelfpga_lite/18.1/nios2eds/bin/gnu/h-x86_64-mingw32/bin/../lib/gcc/nios2-elf/5.3.0/../../../../../H-x86_64-mingw32/nios2-elf/lib/mno-hw-mul\libc.a(lib_a-int_errno.o)
 .debug_abbrev  0x00000000000029f7       0x7f c:/intelfpga_lite/18.1/nios2eds/bin/gnu/h-x86_64-mingw32/bin/../lib/gcc/nios2-elf/5.3.0/../../../../../H-x86_64-mingw32/nios2-elf/lib/mno-hw-mul\libc.a(lib_a-memcmp.o)
 .debug_abbrev  0x0000000000002a76       0xa3 c:/intelfpga_lite/18.1/nios2eds/bin/gnu/h-x86_64-mingw32/bin/../lib/gcc/nios2-elf/5.3.0/../../../../../H-x86_64-mingw32/nios2-elf/lib/mno-hw-mul\libc.a(lib_a-memcpy.o)
 .debug_abbrev  0x0000000000002b19       0x90 c:/intelfpga_lite/18.1/nios2eds/bin/gnu/h-x86_64-mingw32/bin/../lib/gcc/nios2-elf/5.3.0/../../../../../H-x86_64-mingw32/nios2-elf/lib/mno-hw-mul\libc.a(lib_a-strlen.o)
 .debug_abbrev  0x0000000000002ba9      0x21e c:/intelfpga_lite/18.1/nios2eds/bin/gnu/h-x86_64-mingw32/bin/../lib/gcc/nios2-elf/5.3.0/../../../../../H-x86_64-mingw32/nios2-elf/lib/mno-hw-mul\libc.a(lib_a-__atexit.o)
 .debug_abbrev  0x0000000000002dc7      0x22e c:/intelfpga_lite/18.1/nios2eds/bin/gnu/h-x86_64-mingw32/bin/../lib/gcc/nios2-elf/5.3.0/../../../../../H-x86_64-mingw32/nios2-elf/lib/mno-hw-mul\libc.a(lib_a-__call_atexit.o)
 .debug_abbrev  0x0000000000002ff5       0xa9 ../nios_system_bsp/\libhal_bsp.a(alt_exit.o)

.debug_line     0x0000000000000000     0x3276
 *(.debug_line)
 .debug_line    0x0000000000000000       0x66 ../nios_system_bsp//obj/HAL/src/crt0.o
 .debug_line    0x0000000000000066       0xa5 obj/default/servo_software.o
 .debug_line    0x000000000000010b      0x105 c:/intelfpga_lite/18.1/nios2eds/bin/gnu/h-x86_64-mingw32/bin/../lib/gcc/nios2-elf/5.3.0/mno-hw-mul\libgcc.a(lib2-divmod.o)
 .debug_line    0x0000000000000210      0x37e c:/intelfpga_lite/18.1/nios2eds/bin/gnu/h-x86_64-mingw32/bin/../lib/gcc/nios2-elf/5.3.0/mno-hw-mul\libgcc.a(adddf3.o)
 .debug_line    0x000000000000058e      0x1ea c:/intelfpga_lite/18.1/nios2eds/bin/gnu/h-x86_64-mingw32/bin/../lib/gcc/nios2-elf/5.3.0/mno-hw-mul\libgcc.a(muldf3.o)
 .debug_line    0x0000000000000778       0x9b c:/intelfpga_lite/18.1/nios2eds/bin/gnu/h-x86_64-mingw32/bin/../lib/gcc/nios2-elf/5.3.0/mno-hw-mul\libgcc.a(fixdfsi.o)
 .debug_line    0x0000000000000813       0xa2 c:/intelfpga_lite/18.1/nios2eds/bin/gnu/h-x86_64-mingw32/bin/../lib/gcc/nios2-elf/5.3.0/mno-hw-mul\libgcc.a(floatsidf.o)
 .debug_line    0x00000000000008b5       0xbd c:/intelfpga_lite/18.1/nios2eds/bin/gnu/h-x86_64-mingw32/bin/../lib/gcc/nios2-elf/5.3.0/mno-hw-mul\libgcc.a(_clzsi2.o)
 .debug_line    0x0000000000000972       0x80 c:/intelfpga_lite/18.1/nios2eds/bin/gnu/h-x86_64-mingw32/bin/../lib/gcc/nios2-elf/5.3.0/mno-hw-mul\libgcc.a(lib2-mul.o)
 .debug_line    0x00000000000009f2       0x56 c:/intelfpga_lite/18.1/nios2eds/bin/gnu/h-x86_64-mingw32/bin/../lib/gcc/nios2-elf/5.3.0/mno-hw-mul\libgcc.a(_clz.o)
 .debug_line    0x0000000000000a48       0xeb ../nios_system_bsp/\libhal_bsp.a(alt_iic.o)
 .debug_line    0x0000000000000b33       0xdb ../nios_system_bsp/\libhal_bsp.a(alt_iic_isr_register.o)
 .debug_line    0x0000000000000c0e       0x6b ../nios_system_bsp/\libhal_bsp.a(alt_irq_entry.o)
 .debug_line    0x0000000000000c79       0xaa ../nios_system_bsp/\libhal_bsp.a(alt_irq_handler.o)
 .debug_line    0x0000000000000d23       0x50 ../nios_system_bsp/\libhal_bsp.a(alt_irq_vars.o)
 .debug_line    0x0000000000000d73       0x8e ../nios_system_bsp/\libhal_bsp.a(alt_load.o)
 .debug_line    0x0000000000000e01       0xa4 ../nios_system_bsp/\libhal_bsp.a(alt_main.o)
 .debug_line    0x0000000000000ea5      0x137 ../nios_system_bsp/\libhal_bsp.a(alt_sys_init.o)
 .debug_line    0x0000000000000fdc      0x12f ../nios_system_bsp/\libhal_bsp.a(altera_avalon_jtag_uart_fd.o)
 .debug_line    0x000000000000110b      0x18b ../nios_system_bsp/\libhal_bsp.a(altera_avalon_jtag_uart_init.o)
 .debug_line    0x0000000000001296      0x131 ../nios_system_bsp/\libhal_bsp.a(altera_avalon_jtag_uart_ioctl.o)
 .debug_line    0x00000000000013c7      0x171 ../nios_system_bsp/\libhal_bsp.a(altera_avalon_jtag_uart_read.o)
 .debug_line    0x0000000000001538      0x170 ../nios_system_bsp/\libhal_bsp.a(altera_avalon_jtag_uart_write.o)
 .debug_line    0x00000000000016a8       0xf9 ../nios_system_bsp/\libhal_bsp.a(alt_alarm_start.o)
 .debug_line    0x00000000000017a1      0x165 ../nios_system_bsp/\libhal_bsp.a(alt_close.o)
 .debug_line    0x0000000000001906       0x51 ../nios_system_bsp/\libhal_bsp.a(alt_dcache_flush_all.o)
 .debug_line    0x0000000000001957       0xf8 ../nios_system_bsp/\libhal_bsp.a(alt_dev.o)
 .debug_line    0x0000000000001a4f       0xcf ../nios_system_bsp/\libhal_bsp.a(alt_dev_llist_insert.o)
 .debug_line    0x0000000000001b1e       0x59 ../nios_system_bsp/\libhal_bsp.a(alt_do_ctors.o)
 .debug_line    0x0000000000001b77       0x59 ../nios_system_bsp/\libhal_bsp.a(alt_do_dtors.o)
 .debug_line    0x0000000000001bd0       0x51 ../nios_system_bsp/\libhal_bsp.a(alt_errno.o)
 .debug_line    0x0000000000001c21       0xb3 ../nios_system_bsp/\libhal_bsp.a(alt_exception_entry.o)
 .debug_line    0x0000000000001cd4       0x4f ../nios_system_bsp/\libhal_bsp.a(alt_icache_flush_all.o)
 .debug_line    0x0000000000001d23       0xb9 ../nios_system_bsp/\libhal_bsp.a(alt_instruction_exception_entry.o)
 .debug_line    0x0000000000001ddc      0x135 ../nios_system_bsp/\libhal_bsp.a(alt_io_redirect.o)
 .debug_line    0x0000000000001f11      0x12b ../nios_system_bsp/\libhal_bsp.a(alt_open.o)
 .debug_line    0x000000000000203c       0xb0 ../nios_system_bsp/\libhal_bsp.a(alt_release_fd.o)
 .debug_line    0x00000000000020ec       0xff ../nios_system_bsp/\libhal_bsp.a(alt_tick.o)
 .debug_line    0x00000000000021eb       0x51 ../nios_system_bsp/\libhal_bsp.a(altera_nios2_gen2_irq.o)
 .debug_line    0x000000000000223c       0xb5 ../nios_system_bsp/\libhal_bsp.a(alt_find_dev.o)
 .debug_line    0x00000000000022f1       0xd1 ../nios_system_bsp/\libhal_bsp.a(alt_find_file.o)
 .debug_line    0x00000000000023c2       0xd7 ../nios_system_bsp/\libhal_bsp.a(alt_get_fd.o)
 .debug_line    0x0000000000002499       0xe7 c:/intelfpga_lite/18.1/nios2eds/bin/gnu/h-x86_64-mingw32/bin/../lib/gcc/nios2-elf/5.3.0/../../../../../H-x86_64-mingw32/nios2-elf/lib/mno-hw-mul\libc.a(lib_a-atexit.o)
 .debug_line    0x0000000000002580      0x1fc c:/intelfpga_lite/18.1/nios2eds/bin/gnu/h-x86_64-mingw32/bin/../lib/gcc/nios2-elf/5.3.0/../../../../../H-x86_64-mingw32/nios2-elf/lib/mno-hw-mul\libc.a(lib_a-exit.o)
 .debug_line    0x000000000000277c      0x160 c:/intelfpga_lite/18.1/nios2eds/bin/gnu/h-x86_64-mingw32/bin/../lib/gcc/nios2-elf/5.3.0/../../../../../H-x86_64-mingw32/nios2-elf/lib/mno-hw-mul\libc.a(lib_a-impure.o)
 .debug_line    0x00000000000028dc       0x5f c:/intelfpga_lite/18.1/nios2eds/bin/gnu/h-x86_64-mingw32/bin/../lib/gcc/nios2-elf/5.3.0/../../../../../H-x86_64-mingw32/nios2-elf/lib/mno-hw-mul\libc.a(lib_a-int_errno.o)
 .debug_line    0x000000000000293b      0x176 c:/intelfpga_lite/18.1/nios2eds/bin/gnu/h-x86_64-mingw32/bin/../lib/gcc/nios2-elf/5.3.0/../../../../../H-x86_64-mingw32/nios2-elf/lib/mno-hw-mul\libc.a(lib_a-memcmp.o)
 .debug_line    0x0000000000002ab1      0x18c c:/intelfpga_lite/18.1/nios2eds/bin/gnu/h-x86_64-mingw32/bin/../lib/gcc/nios2-elf/5.3.0/../../../../../H-x86_64-mingw32/nios2-elf/lib/mno-hw-mul\libc.a(lib_a-memcpy.o)
 .debug_line    0x0000000000002c3d      0x16f c:/intelfpga_lite/18.1/nios2eds/bin/gnu/h-x86_64-mingw32/bin/../lib/gcc/nios2-elf/5.3.0/../../../../../H-x86_64-mingw32/nios2-elf/lib/mno-hw-mul\libc.a(lib_a-strlen.o)
 .debug_line    0x0000000000002dac      0x21f c:/intelfpga_lite/18.1/nios2eds/bin/gnu/h-x86_64-mingw32/bin/../lib/gcc/nios2-elf/5.3.0/../../../../../H-x86_64-mingw32/nios2-elf/lib/mno-hw-mul\libc.a(lib_a-__atexit.o)
 .debug_line    0x0000000000002fcb      0x23a c:/intelfpga_lite/18.1/nios2eds/bin/gnu/h-x86_64-mingw32/bin/../lib/gcc/nios2-elf/5.3.0/../../../../../H-x86_64-mingw32/nios2-elf/lib/mno-hw-mul\libc.a(lib_a-__call_atexit.o)
 .debug_line    0x0000000000003205       0x71 ../nios_system_bsp/\libhal_bsp.a(alt_exit.o)

.debug_frame    0x0000000000000000      0xc88
 *(.debug_frame)
 .debug_frame   0x0000000000000000       0xb0 obj/default/servo_software.o
 .debug_frame   0x00000000000000b0       0x50 c:/intelfpga_lite/18.1/nios2eds/bin/gnu/h-x86_64-mingw32/bin/../lib/gcc/nios2-elf/5.3.0/mno-hw-mul\libgcc.a(lib2-divmod.o)
 .debug_frame   0x0000000000000100       0x40 c:/intelfpga_lite/18.1/nios2eds/bin/gnu/h-x86_64-mingw32/bin/../lib/gcc/nios2-elf/5.3.0/mno-hw-mul\libgcc.a(adddf3.o)
 .debug_frame   0x0000000000000140       0x58 c:/intelfpga_lite/18.1/nios2eds/bin/gnu/h-x86_64-mingw32/bin/../lib/gcc/nios2-elf/5.3.0/mno-hw-mul\libgcc.a(muldf3.o)
 .debug_frame   0x0000000000000198       0x20 c:/intelfpga_lite/18.1/nios2eds/bin/gnu/h-x86_64-mingw32/bin/../lib/gcc/nios2-elf/5.3.0/mno-hw-mul\libgcc.a(fixdfsi.o)
 .debug_frame   0x00000000000001b8       0x38 c:/intelfpga_lite/18.1/nios2eds/bin/gnu/h-x86_64-mingw32/bin/../lib/gcc/nios2-elf/5.3.0/mno-hw-mul\libgcc.a(floatsidf.o)
 .debug_frame   0x00000000000001f0       0x20 c:/intelfpga_lite/18.1/nios2eds/bin/gnu/h-x86_64-mingw32/bin/../lib/gcc/nios2-elf/5.3.0/mno-hw-mul\libgcc.a(_clzsi2.o)
 .debug_frame   0x0000000000000210       0x20 c:/intelfpga_lite/18.1/nios2eds/bin/gnu/h-x86_64-mingw32/bin/../lib/gcc/nios2-elf/5.3.0/mno-hw-mul\libgcc.a(lib2-mul.o)
 .debug_frame   0x0000000000000230       0xa4 ../nios_system_bsp/\libhal_bsp.a(alt_iic.o)
 .debug_frame   0x00000000000002d4       0x38 ../nios_system_bsp/\libhal_bsp.a(alt_iic_isr_register.o)
 .debug_frame   0x000000000000030c       0x38 ../nios_system_bsp/\libhal_bsp.a(alt_irq_handler.o)
 .debug_frame   0x0000000000000344       0x5c ../nios_system_bsp/\libhal_bsp.a(alt_load.o)
 .debug_frame   0x00000000000003a0       0x2c ../nios_system_bsp/\libhal_bsp.a(alt_main.o)
 .debug_frame   0x00000000000003cc       0x88 ../nios_system_bsp/\libhal_bsp.a(alt_sys_init.o)
 .debug_frame   0x0000000000000454       0xb0 ../nios_system_bsp/\libhal_bsp.a(altera_avalon_jtag_uart_fd.o)
 .debug_frame   0x0000000000000504       0xa4 ../nios_system_bsp/\libhal_bsp.a(altera_avalon_jtag_uart_init.o)
 .debug_frame   0x00000000000005a8       0x34 ../nios_system_bsp/\libhal_bsp.a(altera_avalon_jtag_uart_ioctl.o)
 .debug_frame   0x00000000000005dc       0x38 ../nios_system_bsp/\libhal_bsp.a(altera_avalon_jtag_uart_read.o)
 .debug_frame   0x0000000000000614       0x38 ../nios_system_bsp/\libhal_bsp.a(altera_avalon_jtag_uart_write.o)
 .debug_frame   0x000000000000064c       0x34 ../nios_system_bsp/\libhal_bsp.a(alt_alarm_start.o)
 .debug_frame   0x0000000000000680       0x60 ../nios_system_bsp/\libhal_bsp.a(alt_close.o)
 .debug_frame   0x00000000000006e0       0x34 ../nios_system_bsp/\libhal_bsp.a(alt_dcache_flush_all.o)
 .debug_frame   0x0000000000000714       0x34 ../nios_system_bsp/\libhal_bsp.a(alt_dev.o)
 .debug_frame   0x0000000000000748       0x60 ../nios_system_bsp/\libhal_bsp.a(alt_dev_llist_insert.o)
 .debug_frame   0x00000000000007a8       0x38 ../nios_system_bsp/\libhal_bsp.a(alt_do_ctors.o)
 .debug_frame   0x00000000000007e0       0x38 ../nios_system_bsp/\libhal_bsp.a(alt_do_dtors.o)
 .debug_frame   0x0000000000000818       0x34 ../nios_system_bsp/\libhal_bsp.a(alt_icache_flush_all.o)
 .debug_frame   0x000000000000084c       0x5c ../nios_system_bsp/\libhal_bsp.a(alt_instruction_exception_entry.o)
 .debug_frame   0x00000000000008a8       0x64 ../nios_system_bsp/\libhal_bsp.a(alt_io_redirect.o)
 .debug_frame   0x000000000000090c       0x8c ../nios_system_bsp/\libhal_bsp.a(alt_open.o)
 .debug_frame   0x0000000000000998       0x3c ../nios_system_bsp/\libhal_bsp.a(alt_release_fd.o)
 .debug_frame   0x00000000000009d4       0x5c ../nios_system_bsp/\libhal_bsp.a(alt_tick.o)
 .debug_frame   0x0000000000000a30       0x34 ../nios_system_bsp/\libhal_bsp.a(altera_nios2_gen2_irq.o)
 .debug_frame   0x0000000000000a64       0x38 ../nios_system_bsp/\libhal_bsp.a(alt_find_dev.o)
 .debug_frame   0x0000000000000a9c       0x38 ../nios_system_bsp/\libhal_bsp.a(alt_find_file.o)
 .debug_frame   0x0000000000000ad4       0x3c ../nios_system_bsp/\libhal_bsp.a(alt_get_fd.o)
 .debug_frame   0x0000000000000b10       0x20 c:/intelfpga_lite/18.1/nios2eds/bin/gnu/h-x86_64-mingw32/bin/../lib/gcc/nios2-elf/5.3.0/../../../../../H-x86_64-mingw32/nios2-elf/lib/mno-hw-mul\libc.a(lib_a-atexit.o)
 .debug_frame   0x0000000000000b30       0x28 c:/intelfpga_lite/18.1/nios2eds/bin/gnu/h-x86_64-mingw32/bin/../lib/gcc/nios2-elf/5.3.0/../../../../../H-x86_64-mingw32/nios2-elf/lib/mno-hw-mul\libc.a(lib_a-exit.o)
 .debug_frame   0x0000000000000b58       0x20 c:/intelfpga_lite/18.1/nios2eds/bin/gnu/h-x86_64-mingw32/bin/../lib/gcc/nios2-elf/5.3.0/../../../../../H-x86_64-mingw32/nios2-elf/lib/mno-hw-mul\libc.a(lib_a-memcmp.o)
 .debug_frame   0x0000000000000b78       0x38 c:/intelfpga_lite/18.1/nios2eds/bin/gnu/h-x86_64-mingw32/bin/../lib/gcc/nios2-elf/5.3.0/../../../../../H-x86_64-mingw32/nios2-elf/lib/mno-hw-mul\libc.a(lib_a-memcpy.o)
 .debug_frame   0x0000000000000bb0       0x20 c:/intelfpga_lite/18.1/nios2eds/bin/gnu/h-x86_64-mingw32/bin/../lib/gcc/nios2-elf/5.3.0/../../../../../H-x86_64-mingw32/nios2-elf/lib/mno-hw-mul\libc.a(lib_a-strlen.o)
 .debug_frame   0x0000000000000bd0       0x38 c:/intelfpga_lite/18.1/nios2eds/bin/gnu/h-x86_64-mingw32/bin/../lib/gcc/nios2-elf/5.3.0/../../../../../H-x86_64-mingw32/nios2-elf/lib/mno-hw-mul\libc.a(lib_a-__atexit.o)
 .debug_frame   0x0000000000000c08       0x54 c:/intelfpga_lite/18.1/nios2eds/bin/gnu/h-x86_64-mingw32/bin/../lib/gcc/nios2-elf/5.3.0/../../../../../H-x86_64-mingw32/nios2-elf/lib/mno-hw-mul\libc.a(lib_a-__call_atexit.o)
 .debug_frame   0x0000000000000c5c       0x2c ../nios_system_bsp/\libhal_bsp.a(alt_exit.o)

.debug_str      0x0000000000000000     0x2052
 *(.debug_str)
 .debug_str     0x0000000000000000      0x17c obj/default/servo_software.o
                                        0x1ce (size before relaxing)
 .debug_str     0x000000000000017c      0x187 c:/intelfpga_lite/18.1/nios2eds/bin/gnu/h-x86_64-mingw32/bin/../lib/gcc/nios2-elf/5.3.0/mno-hw-mul\libgcc.a(lib2-divmod.o)
                                        0x1d2 (size before relaxing)
 .debug_str     0x0000000000000303      0x123 c:/intelfpga_lite/18.1/nios2eds/bin/gnu/h-x86_64-mingw32/bin/../lib/gcc/nios2-elf/5.3.0/mno-hw-mul\libgcc.a(adddf3.o)
                                        0x2a9 (size before relaxing)
 .debug_str     0x0000000000000426      0x1c4 c:/intelfpga_lite/18.1/nios2eds/bin/gnu/h-x86_64-mingw32/bin/../lib/gcc/nios2-elf/5.3.0/mno-hw-mul\libgcc.a(muldf3.o)
                                        0x3c2 (size before relaxing)
 .debug_str     0x00000000000005ea       0x4e c:/intelfpga_lite/18.1/nios2eds/bin/gnu/h-x86_64-mingw32/bin/../lib/gcc/nios2-elf/5.3.0/mno-hw-mul\libgcc.a(fixdfsi.o)
                                        0x22b (size before relaxing)
 .debug_str     0x0000000000000638       0x6c c:/intelfpga_lite/18.1/nios2eds/bin/gnu/h-x86_64-mingw32/bin/../lib/gcc/nios2-elf/5.3.0/mno-hw-mul\libgcc.a(floatsidf.o)
                                        0x242 (size before relaxing)
 .debug_str     0x00000000000006a4       0x66 c:/intelfpga_lite/18.1/nios2eds/bin/gnu/h-x86_64-mingw32/bin/../lib/gcc/nios2-elf/5.3.0/mno-hw-mul\libgcc.a(_clzsi2.o)
                                        0x200 (size before relaxing)
 .debug_str     0x000000000000070a       0x40 c:/intelfpga_lite/18.1/nios2eds/bin/gnu/h-x86_64-mingw32/bin/../lib/gcc/nios2-elf/5.3.0/mno-hw-mul\libgcc.a(lib2-mul.o)
                                        0x193 (size before relaxing)
 .debug_str     0x000000000000074a      0x1e3 c:/intelfpga_lite/18.1/nios2eds/bin/gnu/h-x86_64-mingw32/bin/../lib/gcc/nios2-elf/5.3.0/mno-hw-mul\libgcc.a(_clz.o)
 .debug_str     0x000000000000074a      0x128 ../nios_system_bsp/\libhal_bsp.a(alt_iic.o)
                                        0x229 (size before relaxing)
 .debug_str     0x0000000000000872       0x4c ../nios_system_bsp/\libhal_bsp.a(alt_iic_isr_register.o)
                                        0x1d3 (size before relaxing)
 .debug_str     0x00000000000008be       0x3a ../nios_system_bsp/\libhal_bsp.a(alt_irq_handler.o)
                                        0x182 (size before relaxing)
 .debug_str     0x00000000000008f8       0x17 ../nios_system_bsp/\libhal_bsp.a(alt_irq_vars.o)
                                        0x125 (size before relaxing)
 .debug_str     0x000000000000090f       0xe9 ../nios_system_bsp/\libhal_bsp.a(alt_load.o)
                                        0x1fd (size before relaxing)
 .debug_str     0x00000000000009f8       0x70 ../nios_system_bsp/\libhal_bsp.a(alt_main.o)
                                        0x188 (size before relaxing)
 .debug_str     0x0000000000000a68      0x1a2 ../nios_system_bsp/\libhal_bsp.a(alt_sys_init.o)
                                        0x343 (size before relaxing)
 .debug_str     0x0000000000000c0a       0xb9 ../nios_system_bsp/\libhal_bsp.a(altera_avalon_jtag_uart_fd.o)
                                        0x38f (size before relaxing)
 .debug_str     0x0000000000000cc3       0xd1 ../nios_system_bsp/\libhal_bsp.a(altera_avalon_jtag_uart_init.o)
                                        0x323 (size before relaxing)
 .debug_str     0x0000000000000d94       0x4a ../nios_system_bsp/\libhal_bsp.a(altera_avalon_jtag_uart_ioctl.o)
                                        0x27e (size before relaxing)
 .debug_str     0x0000000000000dde       0x48 ../nios_system_bsp/\libhal_bsp.a(altera_avalon_jtag_uart_read.o)
                                        0x2d3 (size before relaxing)
 .debug_str     0x0000000000000e26       0x4a ../nios_system_bsp/\libhal_bsp.a(altera_avalon_jtag_uart_write.o)
                                        0x2d4 (size before relaxing)
 .debug_str     0x0000000000000e70       0x59 ../nios_system_bsp/\libhal_bsp.a(alt_alarm_start.o)
                                        0x269 (size before relaxing)
 .debug_str     0x0000000000000ec9       0x44 ../nios_system_bsp/\libhal_bsp.a(alt_close.o)
                                        0x1f6 (size before relaxing)
 .debug_str     0x0000000000000f0d       0x34 ../nios_system_bsp/\libhal_bsp.a(alt_dcache_flush_all.o)
                                        0x140 (size before relaxing)
 .debug_str     0x0000000000000f41      0x120 ../nios_system_bsp/\libhal_bsp.a(alt_dev.o)
                                        0x2f0 (size before relaxing)
 .debug_str     0x0000000000001061       0x34 ../nios_system_bsp/\libhal_bsp.a(alt_dev_llist_insert.o)
                                        0x1b7 (size before relaxing)
 .debug_str     0x0000000000001095       0x48 ../nios_system_bsp/\libhal_bsp.a(alt_do_ctors.o)
                                         0xbb (size before relaxing)
 .debug_str     0x00000000000010dd       0x4c ../nios_system_bsp/\libhal_bsp.a(alt_do_dtors.o)
                                         0xba (size before relaxing)
 .debug_str     0x0000000000001129       0x14 ../nios_system_bsp/\libhal_bsp.a(alt_errno.o)
                                        0x130 (size before relaxing)
 .debug_str     0x000000000000113d       0x34 ../nios_system_bsp/\libhal_bsp.a(alt_icache_flush_all.o)
                                        0x140 (size before relaxing)
 .debug_str     0x0000000000001171      0x48b ../nios_system_bsp/\libhal_bsp.a(alt_instruction_exception_entry.o)
                                        0x58b (size before relaxing)
 .debug_str     0x00000000000015fc       0x56 ../nios_system_bsp/\libhal_bsp.a(alt_io_redirect.o)
                                        0x301 (size before relaxing)
 .debug_str     0x0000000000001652       0x2f ../nios_system_bsp/\libhal_bsp.a(alt_open.o)
                                        0x236 (size before relaxing)
 .debug_str     0x0000000000001681       0x28 ../nios_system_bsp/\libhal_bsp.a(alt_release_fd.o)
                                        0x1be (size before relaxing)
 .debug_str     0x00000000000016a9       0x4a ../nios_system_bsp/\libhal_bsp.a(alt_tick.o)
                                        0x23d (size before relaxing)
 .debug_str     0x00000000000016f3       0x3b ../nios_system_bsp/\libhal_bsp.a(altera_nios2_gen2_irq.o)
                                        0x147 (size before relaxing)
 .debug_str     0x000000000000172e       0x24 ../nios_system_bsp/\libhal_bsp.a(alt_find_dev.o)
                                        0x1d7 (size before relaxing)
 .debug_str     0x0000000000001752       0x26 ../nios_system_bsp/\libhal_bsp.a(alt_find_file.o)
                                        0x1e5 (size before relaxing)
 .debug_str     0x0000000000001778       0x30 ../nios_system_bsp/\libhal_bsp.a(alt_get_fd.o)
                                        0x207 (size before relaxing)
 .debug_str     0x00000000000017a8      0x17c c:/intelfpga_lite/18.1/nios2eds/bin/gnu/h-x86_64-mingw32/bin/../lib/gcc/nios2-elf/5.3.0/../../../../../H-x86_64-mingw32/nios2-elf/lib/mno-hw-mul\libc.a(lib_a-atexit.o)
                                        0x221 (size before relaxing)
 .debug_str     0x0000000000001924      0x3b5 c:/intelfpga_lite/18.1/nios2eds/bin/gnu/h-x86_64-mingw32/bin/../lib/gcc/nios2-elf/5.3.0/../../../../../H-x86_64-mingw32/nios2-elf/lib/mno-hw-mul\libc.a(lib_a-exit.o)
                                        0x5be (size before relaxing)
 .debug_str     0x0000000000001cd9       0xd6 c:/intelfpga_lite/18.1/nios2eds/bin/gnu/h-x86_64-mingw32/bin/../lib/gcc/nios2-elf/5.3.0/../../../../../H-x86_64-mingw32/nios2-elf/lib/mno-hw-mul\libc.a(lib_a-impure.o)
                                        0x5b5 (size before relaxing)
 .debug_str     0x0000000000001daf       0x3f c:/intelfpga_lite/18.1/nios2eds/bin/gnu/h-x86_64-mingw32/bin/../lib/gcc/nios2-elf/5.3.0/../../../../../H-x86_64-mingw32/nios2-elf/lib/mno-hw-mul\libc.a(lib_a-int_errno.o)
                                        0x1dd (size before relaxing)
 .debug_str     0x0000000000001dee       0xda c:/intelfpga_lite/18.1/nios2eds/bin/gnu/h-x86_64-mingw32/bin/../lib/gcc/nios2-elf/5.3.0/../../../../../H-x86_64-mingw32/nios2-elf/lib/mno-hw-mul\libc.a(lib_a-memcmp.o)
                                        0x1e4 (size before relaxing)
 .debug_str     0x0000000000001ec8       0x6b c:/intelfpga_lite/18.1/nios2eds/bin/gnu/h-x86_64-mingw32/bin/../lib/gcc/nios2-elf/5.3.0/../../../../../H-x86_64-mingw32/nios2-elf/lib/mno-hw-mul\libc.a(lib_a-memcpy.o)
                                        0x20b (size before relaxing)
 .debug_str     0x0000000000001f33       0x51 c:/intelfpga_lite/18.1/nios2eds/bin/gnu/h-x86_64-mingw32/bin/../lib/gcc/nios2-elf/5.3.0/../../../../../H-x86_64-mingw32/nios2-elf/lib/mno-hw-mul\libc.a(lib_a-strlen.o)
                                        0x1f7 (size before relaxing)
 .debug_str     0x0000000000001f84       0x3f c:/intelfpga_lite/18.1/nios2eds/bin/gnu/h-x86_64-mingw32/bin/../lib/gcc/nios2-elf/5.3.0/../../../../../H-x86_64-mingw32/nios2-elf/lib/mno-hw-mul\libc.a(lib_a-__atexit.o)
                                        0x5f6 (size before relaxing)
 .debug_str     0x0000000000001fc3       0x65 c:/intelfpga_lite/18.1/nios2eds/bin/gnu/h-x86_64-mingw32/bin/../lib/gcc/nios2-elf/5.3.0/../../../../../H-x86_64-mingw32/nios2-elf/lib/mno-hw-mul\libc.a(lib_a-__call_atexit.o)
                                        0x5e2 (size before relaxing)
 .debug_str     0x0000000000002028       0x2a ../nios_system_bsp/\libhal_bsp.a(alt_exit.o)
                                        0x13c (size before relaxing)

.debug_loc      0x0000000000000000     0x3750
 *(.debug_loc)
 .debug_loc     0x0000000000000000      0x4ce c:/intelfpga_lite/18.1/nios2eds/bin/gnu/h-x86_64-mingw32/bin/../lib/gcc/nios2-elf/5.3.0/mno-hw-mul\libgcc.a(lib2-divmod.o)
 .debug_loc     0x00000000000004ce     0x16f9 c:/intelfpga_lite/18.1/nios2eds/bin/gnu/h-x86_64-mingw32/bin/../lib/gcc/nios2-elf/5.3.0/mno-hw-mul\libgcc.a(adddf3.o)
 .debug_loc     0x0000000000001bc7     0x1085 c:/intelfpga_lite/18.1/nios2eds/bin/gnu/h-x86_64-mingw32/bin/../lib/gcc/nios2-elf/5.3.0/mno-hw-mul\libgcc.a(muldf3.o)
 .debug_loc     0x0000000000002c4c      0x121 c:/intelfpga_lite/18.1/nios2eds/bin/gnu/h-x86_64-mingw32/bin/../lib/gcc/nios2-elf/5.3.0/mno-hw-mul\libgcc.a(fixdfsi.o)
 .debug_loc     0x0000000000002d6d      0x175 c:/intelfpga_lite/18.1/nios2eds/bin/gnu/h-x86_64-mingw32/bin/../lib/gcc/nios2-elf/5.3.0/mno-hw-mul\libgcc.a(floatsidf.o)
 .debug_loc     0x0000000000002ee2       0x6b c:/intelfpga_lite/18.1/nios2eds/bin/gnu/h-x86_64-mingw32/bin/../lib/gcc/nios2-elf/5.3.0/mno-hw-mul\libgcc.a(_clzsi2.o)
 .debug_loc     0x0000000000002f4d       0x93 c:/intelfpga_lite/18.1/nios2eds/bin/gnu/h-x86_64-mingw32/bin/../lib/gcc/nios2-elf/5.3.0/mno-hw-mul\libgcc.a(lib2-mul.o)
 .debug_loc     0x0000000000002fe0       0x2c c:/intelfpga_lite/18.1/nios2eds/bin/gnu/h-x86_64-mingw32/bin/../lib/gcc/nios2-elf/5.3.0/../../../../../H-x86_64-mingw32/nios2-elf/lib/mno-hw-mul\libc.a(lib_a-atexit.o)
 .debug_loc     0x000000000000300c       0x1e c:/intelfpga_lite/18.1/nios2eds/bin/gnu/h-x86_64-mingw32/bin/../lib/gcc/nios2-elf/5.3.0/../../../../../H-x86_64-mingw32/nios2-elf/lib/mno-hw-mul\libc.a(lib_a-exit.o)
 .debug_loc     0x000000000000302a      0x126 c:/intelfpga_lite/18.1/nios2eds/bin/gnu/h-x86_64-mingw32/bin/../lib/gcc/nios2-elf/5.3.0/../../../../../H-x86_64-mingw32/nios2-elf/lib/mno-hw-mul\libc.a(lib_a-memcmp.o)
 .debug_loc     0x0000000000003150      0x266 c:/intelfpga_lite/18.1/nios2eds/bin/gnu/h-x86_64-mingw32/bin/../lib/gcc/nios2-elf/5.3.0/../../../../../H-x86_64-mingw32/nios2-elf/lib/mno-hw-mul\libc.a(lib_a-memcpy.o)
 .debug_loc     0x00000000000033b6       0x47 c:/intelfpga_lite/18.1/nios2eds/bin/gnu/h-x86_64-mingw32/bin/../lib/gcc/nios2-elf/5.3.0/../../../../../H-x86_64-mingw32/nios2-elf/lib/mno-hw-mul\libc.a(lib_a-strlen.o)
 .debug_loc     0x00000000000033fd      0x185 c:/intelfpga_lite/18.1/nios2eds/bin/gnu/h-x86_64-mingw32/bin/../lib/gcc/nios2-elf/5.3.0/../../../../../H-x86_64-mingw32/nios2-elf/lib/mno-hw-mul\libc.a(lib_a-__atexit.o)
 .debug_loc     0x0000000000003582      0x1ce c:/intelfpga_lite/18.1/nios2eds/bin/gnu/h-x86_64-mingw32/bin/../lib/gcc/nios2-elf/5.3.0/../../../../../H-x86_64-mingw32/nios2-elf/lib/mno-hw-mul\libc.a(lib_a-__call_atexit.o)

.debug_macinfo
 *(.debug_macinfo)

.debug_weaknames
 *(.debug_weaknames)

.debug_funcnames
 *(.debug_funcnames)

.debug_typenames
 *(.debug_typenames)

.debug_varnames
 *(.debug_varnames)

.debug_alt_sim_info
                0x0000000000000000       0x10
 *(.debug_alt_sim_info)
 .debug_alt_sim_info
                0x0000000000000000       0x10 ../nios_system_bsp//obj/HAL/src/crt0.o
                0x0000000000010000                __alt_data_end = 0x10000
                0x0000000000010000                PROVIDE (__alt_stack_pointer, __alt_data_end)
                [!provide]                        PROVIDE (__alt_stack_limit, __alt_stack_base)
                [!provide]                        PROVIDE (__alt_heap_start, end)
                [!provide]                        PROVIDE (__alt_heap_limit, 0x10000)
OUTPUT(nios_system.elf elf32-littlenios2)

.debug_ranges   0x0000000000000000      0x650
 .debug_ranges  0x0000000000000000       0x20 ../nios_system_bsp//obj/HAL/src/crt0.o
 .debug_ranges  0x0000000000000020       0x60 c:/intelfpga_lite/18.1/nios2eds/bin/gnu/h-x86_64-mingw32/bin/../lib/gcc/nios2-elf/5.3.0/mno-hw-mul\libgcc.a(lib2-divmod.o)
 .debug_ranges  0x0000000000000080      0x240 c:/intelfpga_lite/18.1/nios2eds/bin/gnu/h-x86_64-mingw32/bin/../lib/gcc/nios2-elf/5.3.0/mno-hw-mul\libgcc.a(adddf3.o)
 .debug_ranges  0x00000000000002c0      0x1d0 c:/intelfpga_lite/18.1/nios2eds/bin/gnu/h-x86_64-mingw32/bin/../lib/gcc/nios2-elf/5.3.0/mno-hw-mul\libgcc.a(muldf3.o)